11:26:51 **** Incremental Build of configuration Debug for project 01_basic_led ****
make -j28 all 
arm-none-eabi-gcc "../Core/Src/main.c" -mcpu=cortex-m4 -std=gnu11 -g3 -DDEBUG -DUSE_HAL_DRIVER -DSTM32F410Rx -c -I../Core/Inc -I../Drivers/STM32F4xx_HAL_Driver/Inc -I../Drivers/STM32F4xx_HAL_Driver/Inc/Legacy -I../Drivers/CMSIS/Device/ST/STM32F4xx/Include -I../Drivers/CMSIS/Include -O0 -ffunction-sections -fdata-sections -Wall -fstack-usage -fcyclomatic-complexity -MMD -MP -MF"Core/Src/main.d" -MT"Core/Src/main.o" --specs=nano.specs -mfpu=fpv4-sp-d16 -mfloat-abi=hard -mthumb -o "Core/Src/main.o"
../Core/Src/main.c: In function 'main':
../Core/Src/main.c:108:9: warning: implicit declaration of function 'printf' [-Wimplicit-function-declaration]
  108 |         printf("Hola mundo! :D");
      |         ^~~~~~
../Core/Src/main.c:21:1: note: include '<stdio.h>' or provide a declaration of 'printf'
   20 | #include "main.h"
  +++ |+#include <stdio.h>
   21 | 
../Core/Src/main.c:108:9: warning: incompatible implicit declaration of built-in function 'printf' [-Wbuiltin-declaration-mismatch]
  108 |         printf("Hola mundo! :D");
      |         ^~~~~~
../Core/Src/main.c:108:9: note: include '<stdio.h>' or provide a declaration of 'printf'
../Core/Src/main.c:178:21: error: invalid storage class for function 'MX_USART2_UART_Init'
  178 |         static void MX_USART2_UART_Init(void) {
      |                     ^~~~~~~~~~~~~~~~~~~
../Core/Src/main.c:209:21: error: invalid storage class for function 'MX_GPIO_Init'
  209 |         static void MX_GPIO_Init(void) {
      |                     ^~~~~~~~~~~~
../Core/Src/main.c:257:9: error: expected declaration or statement at end of input
  257 |         }
      |         ^
../Core/Src/main.c: At top level:
../Core/Src/main.c:51:13: warning: 'MX_GPIO_Init' used but never defined
   51 | static void MX_GPIO_Init(void);
      |             ^~~~~~~~~~~~
../Core/Src/main.c:52:13: warning: 'MX_USART2_UART_Init' used but never defined
   52 | static void MX_USART2_UART_Init(void);
      |             ^~~~~~~~~~~~~~~~~~~
../Core/Src/main.c:250:14: warning: 'Error_Handler' defined but not used [-Wunused-function]
  250 |         void Error_Handler(void) {
      |              ^~~~~~~~~~~~~
../Core/Src/main.c:209:21: warning: 'MX_GPIO_Init' defined but not used [-Wunused-function]
  209 |         static void MX_GPIO_Init(void) {
      |                     ^~~~~~~~~~~~
../Core/Src/main.c:178:21: warning: 'MX_USART2_UART_Init' defined but not used [-Wunused-function]
  178 |         static void MX_USART2_UART_Init(void) {
      |                     ^~~~~~~~~~~~~~~~~~~
../Core/Src/main.c:141:14: warning: 'SystemClock_Config' defined but not used [-Wunused-function]
  141 |         void SystemClock_Config(void) {
      |              ^~~~~~~~~~~~~~~~~~
make: *** [Core/Src/subdir.mk:34: Core/Src/main.o] Error 1
"make -j28 all" terminated with exit code 2. Build might be incomplete.

11:26:52 Build Failed. 4 errors, 8 warnings. (took 235ms)

