14:52:02 **** Incremental Build of configuration Debug for project 01_basic_led ****
make -j28 all 
arm-none-eabi-gcc "../Core/Src/main.c" -mcpu=cortex-m4 -std=gnu11 -g3 -DDEBUG -DUSE_HAL_DRIVER -DSTM32F410Rx -c -I../Core/Inc -I../Drivers/STM32F4xx_HAL_Driver/Inc -I../Drivers/STM32F4xx_HAL_Driver/Inc/Legacy -I../Drivers/CMSIS/Device/ST/STM32F4xx/Include -I../Drivers/CMSIS/Include -O0 -ffunction-sections -fdata-sections -Wall -fstack-usage -fcyclomatic-complexity -MMD -MP -MF"Core/Src/main.d" -MT"Core/Src/main.o" --specs=nano.specs -mfpu=fpv4-sp-d16 -mfloat-abi=hard -mthumb -o "Core/Src/main.o"
../Core/Src/main.c: In function 'main':
../Core/Src/main.c:95:9: warning: implicit declaration of function 'printf' [-Wimplicit-function-declaration]
   95 |         printf("Hola mundo! :D");
      |         ^~~~~~
../Core/Src/main.c:21:1: note: include '<stdio.h>' or provide a declaration of 'printf'
   20 | #include "main.h"
  +++ |+#include <stdio.h>
   21 | 
../Core/Src/main.c:95:9: warning: incompatible implicit declaration of built-in function 'printf' [-Wbuiltin-declaration-mismatch]
   95 |         printf("Hola mundo! :D");
      |         ^~~~~~
../Core/Src/main.c:95:9: note: include '<stdio.h>' or provide a declaration of 'printf'
arm-none-eabi-gcc -o "01_basic_led.elf" @"objects.list"   -mcpu=cortex-m4 -T"C:\Users\Ferreyros\Desktop\NUCLEO STM32F410RB\Codigos\01_basic_led\STM32F410RBTX_FLASH.ld" --specs=nosys.specs -Wl,-Map="01_basic_led.map" -Wl,--gc-sections -static --specs=nano.specs -mfpu=fpv4-sp-d16 -mfloat-abi=hard -mthumb -Wl,--start-group -lc -lm -Wl,--end-group
Finished building target: 01_basic_led.elf
 
arm-none-eabi-size  01_basic_led.elf 
arm-none-eabi-objdump -h -S 01_basic_led.elf  > "01_basic_led.list"
   text	   data	    bss	    dec	    hex	filename
  11996	    104	   1976	  14076	   36fc	01_basic_led.elf
Finished building: default.size.stdout
 
Finished building: 01_basic_led.list
 

14:52:03 Build Finished. 0 errors, 2 warnings. (took 494ms)

