14:29:32 **** Build of configuration Debug for project 01_basic_led ****
make -j28 all 
arm-none-eabi-gcc "../Drivers/STM32F4xx_HAL_Driver/Src/stm32f4xx_hal.c" -mcpu=cortex-m4 -std=gnu11 -g3 -DDEBUG -DUSE_HAL_DRIVER -DSTM32F410Rx -c -I../Core/Inc -I../Drivers/STM32F4xx_HAL_Driver/Inc -I../Drivers/STM32F4xx_HAL_Driver/Inc/Legacy -I../Drivers/CMSIS/Device/ST/STM32F4xx/Include -I../Drivers/CMSIS/Include -O0 -ffunction-sections -fdata-sections -Wall -fstack-usage -fcyclomatic-complexity -MMD -MP -MF"Drivers/STM32F4xx_HAL_Driver/Src/stm32f4xx_hal.d" -MT"Drivers/STM32F4xx_HAL_Driver/Src/stm32f4xx_hal.o" --specs=nano.specs -mfpu=fpv4-sp-d16 -mfloat-abi=hard -mthumb -o "Drivers/STM32F4xx_HAL_Driver/Src/stm32f4xx_hal.o"
arm-none-eabi-gcc "../Drivers/STM32F4xx_HAL_Driver/Src/stm32f4xx_hal_cortex.c" -mcpu=cortex-m4 -std=gnu11 -g3 -DDEBUG -DUSE_HAL_DRIVER -DSTM32F410Rx -c -I../Core/Inc -I../Drivers/STM32F4xx_HAL_Driver/Inc -I../Drivers/STM32F4xx_HAL_Driver/Inc/Legacy -I../Drivers/CMSIS/Device/ST/STM32F4xx/Include -I../Drivers/CMSIS/Include -O0 -ffunction-sections -fdata-sections -Wall -fstack-usage -fcyclomatic-complexity -MMD -MP -MF"Drivers/STM32F4xx_HAL_Driver/Src/stm32f4xx_hal_cortex.d" -MT"Drivers/STM32F4xx_HAL_Driver/Src/stm32f4xx_hal_cortex.o" --specs=nano.specs -mfpu=fpv4-sp-d16 -mfloat-abi=hard -mthumb -o "Drivers/STM32F4xx_HAL_Driver/Src/stm32f4xx_hal_cortex.o"
arm-none-eabi-gcc "../Drivers/STM32F4xx_HAL_Driver/Src/stm32f4xx_hal_dma.c" -mcpu=cortex-m4 -std=gnu11 -g3 -DDEBUG -DUSE_HAL_DRIVER -DSTM32F410Rx -c -I../Core/Inc -I../Drivers/STM32F4xx_HAL_Driver/Inc -I../Drivers/STM32F4xx_HAL_Driver/Inc/Legacy -I../Drivers/CMSIS/Device/ST/STM32F4xx/Include -I../Drivers/CMSIS/Include -O0 -ffunction-sections -fdata-sections -Wall -fstack-usage -fcyclomatic-complexity -MMD -MP -MF"Drivers/STM32F4xx_HAL_Driver/Src/stm32f4xx_hal_dma.d" -MT"Drivers/STM32F4xx_HAL_Driver/Src/stm32f4xx_hal_dma.o" --specs=nano.specs -mfpu=fpv4-sp-d16 -mfloat-abi=hard -mthumb -o "Drivers/STM32F4xx_HAL_Driver/Src/stm32f4xx_hal_dma.o"
arm-none-eabi-gcc "../Drivers/STM32F4xx_HAL_Driver/Src/stm32f4xx_hal_dma_ex.c" -mcpu=cortex-m4 -std=gnu11 -g3 -DDEBUG -DUSE_HAL_DRIVER -DSTM32F410Rx -c -I../Core/Inc -I../Drivers/STM32F4xx_HAL_Driver/Inc -I../Drivers/STM32F4xx_HAL_Driver/Inc/Legacy -I../Drivers/CMSIS/Device/ST/STM32F4xx/Include -I../Drivers/CMSIS/Include -O0 -ffunction-sections -fdata-sections -Wall -fstack-usage -fcyclomatic-complexity -MMD -MP -MF"Drivers/STM32F4xx_HAL_Driver/Src/stm32f4xx_hal_dma_ex.d" -MT"Drivers/STM32F4xx_HAL_Driver/Src/stm32f4xx_hal_dma_ex.o" --specs=nano.specs -mfpu=fpv4-sp-d16 -mfloat-abi=hard -mthumb -o "Drivers/STM32F4xx_HAL_Driver/Src/stm32f4xx_hal_dma_ex.o"
arm-none-eabi-gcc "../Drivers/STM32F4xx_HAL_Driver/Src/stm32f4xx_hal_exti.c" -mcpu=cortex-m4 -std=gnu11 -g3 -DDEBUG -DUSE_HAL_DRIVER -DSTM32F410Rx -c -I../Core/Inc -I../Drivers/STM32F4xx_HAL_Driver/Inc -I../Drivers/STM32F4xx_HAL_Driver/Inc/Legacy -I../Drivers/CMSIS/Device/ST/STM32F4xx/Include -I../Drivers/CMSIS/Include -O0 -ffunction-sections -fdata-sections -Wall -fstack-usage -fcyclomatic-complexity -MMD -MP -MF"Drivers/STM32F4xx_HAL_Driver/Src/stm32f4xx_hal_exti.d" -MT"Drivers/STM32F4xx_HAL_Driver/Src/stm32f4xx_hal_exti.o" --specs=nano.specs -mfpu=fpv4-sp-d16 -mfloat-abi=hard -mthumb -o "Drivers/STM32F4xx_HAL_Driver/Src/stm32f4xx_hal_exti.o"
arm-none-eabi-gcc "../Drivers/STM32F4xx_HAL_Driver/Src/stm32f4xx_hal_flash.c" -mcpu=cortex-m4 -std=gnu11 -g3 -DDEBUG -DUSE_HAL_DRIVER -DSTM32F410Rx -c -I../Core/Inc -I../Drivers/STM32F4xx_HAL_Driver/Inc -I../Drivers/STM32F4xx_HAL_Driver/Inc/Legacy -I../Drivers/CMSIS/Device/ST/STM32F4xx/Include -I../Drivers/CMSIS/Include -O0 -ffunction-sections -fdata-sections -Wall -fstack-usage -fcyclomatic-complexity -MMD -MP -MF"Drivers/STM32F4xx_HAL_Driver/Src/stm32f4xx_hal_flash.d" -MT"Drivers/STM32F4xx_HAL_Driver/Src/stm32f4xx_hal_flash.o" --specs=nano.specs -mfpu=fpv4-sp-d16 -mfloat-abi=hard -mthumb -o "Drivers/STM32F4xx_HAL_Driver/Src/stm32f4xx_hal_flash.o"
arm-none-eabi-gcc "../Drivers/STM32F4xx_HAL_Driver/Src/stm32f4xx_hal_flash_ex.c" -mcpu=cortex-m4 -std=gnu11 -g3 -DDEBUG -DUSE_HAL_DRIVER -DSTM32F410Rx -c -I../Core/Inc -I../Drivers/STM32F4xx_HAL_Driver/Inc -I../Drivers/STM32F4xx_HAL_Driver/Inc/Legacy -I../Drivers/CMSIS/Device/ST/STM32F4xx/Include -I../Drivers/CMSIS/Include -O0 -ffunction-sections -fdata-sections -Wall -fstack-usage -fcyclomatic-complexity -MMD -MP -MF"Drivers/STM32F4xx_HAL_Driver/Src/stm32f4xx_hal_flash_ex.d" -MT"Drivers/STM32F4xx_HAL_Driver/Src/stm32f4xx_hal_flash_ex.o" --specs=nano.specs -mfpu=fpv4-sp-d16 -mfloat-abi=hard -mthumb -o "Drivers/STM32F4xx_HAL_Driver/Src/stm32f4xx_hal_flash_ex.o"
arm-none-eabi-gcc "../Drivers/STM32F4xx_HAL_Driver/Src/stm32f4xx_hal_flash_ramfunc.c" -mcpu=cortex-m4 -std=gnu11 -g3 -DDEBUG -DUSE_HAL_DRIVER -DSTM32F410Rx -c -I../Core/Inc -I../Drivers/STM32F4xx_HAL_Driver/Inc -I../Drivers/STM32F4xx_HAL_Driver/Inc/Legacy -I../Drivers/CMSIS/Device/ST/STM32F4xx/Include -I../Drivers/CMSIS/Include -O0 -ffunction-sections -fdata-sections -Wall -fstack-usage -fcyclomatic-complexity -MMD -MP -MF"Drivers/STM32F4xx_HAL_Driver/Src/stm32f4xx_hal_flash_ramfunc.d" -MT"Drivers/STM32F4xx_HAL_Driver/Src/stm32f4xx_hal_flash_ramfunc.o" --specs=nano.specs -mfpu=fpv4-sp-d16 -mfloat-abi=hard -mthumb -o "Drivers/STM32F4xx_HAL_Driver/Src/stm32f4xx_hal_flash_ramfunc.o"
arm-none-eabi-gcc "../Drivers/STM32F4xx_HAL_Driver/Src/stm32f4xx_hal_gpio.c" -mcpu=cortex-m4 -std=gnu11 -g3 -DDEBUG -DUSE_HAL_DRIVER -DSTM32F410Rx -c -I../Core/Inc -I../Drivers/STM32F4xx_HAL_Driver/Inc -I../Drivers/STM32F4xx_HAL_Driver/Inc/Legacy -I../Drivers/CMSIS/Device/ST/STM32F4xx/Include -I../Drivers/CMSIS/Include -O0 -ffunction-sections -fdata-sections -Wall -fstack-usage -fcyclomatic-complexity -MMD -MP -MF"Drivers/STM32F4xx_HAL_Driver/Src/stm32f4xx_hal_gpio.d" -MT"Drivers/STM32F4xx_HAL_Driver/Src/stm32f4xx_hal_gpio.o" --specs=nano.specs -mfpu=fpv4-sp-d16 -mfloat-abi=hard -mthumb -o "Drivers/STM32F4xx_HAL_Driver/Src/stm32f4xx_hal_gpio.o"
arm-none-eabi-gcc "../Drivers/STM32F4xx_HAL_Driver/Src/stm32f4xx_hal_pwr.c" -mcpu=cortex-m4 -std=gnu11 -g3 -DDEBUG -DUSE_HAL_DRIVER -DSTM32F410Rx -c -I../Core/Inc -I../Drivers/STM32F4xx_HAL_Driver/Inc -I../Drivers/STM32F4xx_HAL_Driver/Inc/Legacy -I../Drivers/CMSIS/Device/ST/STM32F4xx/Include -I../Drivers/CMSIS/Include -O0 -ffunction-sections -fdata-sections -Wall -fstack-usage -fcyclomatic-complexity -MMD -MP -MF"Drivers/STM32F4xx_HAL_Driver/Src/stm32f4xx_hal_pwr.d" -MT"Drivers/STM32F4xx_HAL_Driver/Src/stm32f4xx_hal_pwr.o" --specs=nano.specs -mfpu=fpv4-sp-d16 -mfloat-abi=hard -mthumb -o "Drivers/STM32F4xx_HAL_Driver/Src/stm32f4xx_hal_pwr.o"
arm-none-eabi-gcc "../Drivers/STM32F4xx_HAL_Driver/Src/stm32f4xx_hal_pwr_ex.c" -mcpu=cortex-m4 -std=gnu11 -g3 -DDEBUG -DUSE_HAL_DRIVER -DSTM32F410Rx -c -I../Core/Inc -I../Drivers/STM32F4xx_HAL_Driver/Inc -I../Drivers/STM32F4xx_HAL_Driver/Inc/Legacy -I../Drivers/CMSIS/Device/ST/STM32F4xx/Include -I../Drivers/CMSIS/Include -O0 -ffunction-sections -fdata-sections -Wall -fstack-usage -fcyclomatic-complexity -MMD -MP -MF"Drivers/STM32F4xx_HAL_Driver/Src/stm32f4xx_hal_pwr_ex.d" -MT"Drivers/STM32F4xx_HAL_Driver/Src/stm32f4xx_hal_pwr_ex.o" --specs=nano.specs -mfpu=fpv4-sp-d16 -mfloat-abi=hard -mthumb -o "Drivers/STM32F4xx_HAL_Driver/Src/stm32f4xx_hal_pwr_ex.o"
arm-none-eabi-gcc "../Drivers/STM32F4xx_HAL_Driver/Src/stm32f4xx_hal_rcc.c" -mcpu=cortex-m4 -std=gnu11 -g3 -DDEBUG -DUSE_HAL_DRIVER -DSTM32F410Rx -c -I../Core/Inc -I../Drivers/STM32F4xx_HAL_Driver/Inc -I../Drivers/STM32F4xx_HAL_Driver/Inc/Legacy -I../Drivers/CMSIS/Device/ST/STM32F4xx/Include -I../Drivers/CMSIS/Include -O0 -ffunction-sections -fdata-sections -Wall -fstack-usage -fcyclomatic-complexity -MMD -MP -MF"Drivers/STM32F4xx_HAL_Driver/Src/stm32f4xx_hal_rcc.d" -MT"Drivers/STM32F4xx_HAL_Driver/Src/stm32f4xx_hal_rcc.o" --specs=nano.specs -mfpu=fpv4-sp-d16 -mfloat-abi=hard -mthumb -o "Drivers/STM32F4xx_HAL_Driver/Src/stm32f4xx_hal_rcc.o"
arm-none-eabi-gcc "../Drivers/STM32F4xx_HAL_Driver/Src/stm32f4xx_hal_rcc_ex.c" -mcpu=cortex-m4 -std=gnu11 -g3 -DDEBUG -DUSE_HAL_DRIVER -DSTM32F410Rx -c -I../Core/Inc -I../Drivers/STM32F4xx_HAL_Driver/Inc -I../Drivers/STM32F4xx_HAL_Driver/Inc/Legacy -I../Drivers/CMSIS/Device/ST/STM32F4xx/Include -I../Drivers/CMSIS/Include -O0 -ffunction-sections -fdata-sections -Wall -fstack-usage -fcyclomatic-complexity -MMD -MP -MF"Drivers/STM32F4xx_HAL_Driver/Src/stm32f4xx_hal_rcc_ex.d" -MT"Drivers/STM32F4xx_HAL_Driver/Src/stm32f4xx_hal_rcc_ex.o" --specs=nano.specs -mfpu=fpv4-sp-d16 -mfloat-abi=hard -mthumb -o "Drivers/STM32F4xx_HAL_Driver/Src/stm32f4xx_hal_rcc_ex.o"
arm-none-eabi-gcc "../Drivers/STM32F4xx_HAL_Driver/Src/stm32f4xx_hal_uart.c" -mcpu=cortex-m4 -std=gnu11 -g3 -DDEBUG -DUSE_HAL_DRIVER -DSTM32F410Rx -c -I../Core/Inc -I../Drivers/STM32F4xx_HAL_Driver/Inc -I../Drivers/STM32F4xx_HAL_Driver/Inc/Legacy -I../Drivers/CMSIS/Device/ST/STM32F4xx/Include -I../Drivers/CMSIS/Include -O0 -ffunction-sections -fdata-sections -Wall -fstack-usage -fcyclomatic-complexity -MMD -MP -MF"Drivers/STM32F4xx_HAL_Driver/Src/stm32f4xx_hal_uart.d" -MT"Drivers/STM32F4xx_HAL_Driver/Src/stm32f4xx_hal_uart.o" --specs=nano.specs -mfpu=fpv4-sp-d16 -mfloat-abi=hard -mthumb -o "Drivers/STM32F4xx_HAL_Driver/Src/stm32f4xx_hal_uart.o"
arm-none-eabi-gcc -mcpu=cortex-m4 -g3 -DDEBUG -c -x assembler-with-cpp -MMD -MP -MF"Core/Startup/startup_stm32f410rbtx.d" -MT"Core/Startup/startup_stm32f410rbtx.o" --specs=nano.specs -mfpu=fpv4-sp-d16 -mfloat-abi=hard -mthumb -o "Core/Startup/startup_stm32f410rbtx.o" "../Core/Startup/startup_stm32f410rbtx.s"
arm-none-eabi-gcc "../Core/Src/main.c" -mcpu=cortex-m4 -std=gnu11 -g3 -DDEBUG -DUSE_HAL_DRIVER -DSTM32F410Rx -c -I../Core/Inc -I../Drivers/STM32F4xx_HAL_Driver/Inc -I../Drivers/STM32F4xx_HAL_Driver/Inc/Legacy -I../Drivers/CMSIS/Device/ST/STM32F4xx/Include -I../Drivers/CMSIS/Include -O0 -ffunction-sections -fdata-sections -Wall -fstack-usage -fcyclomatic-complexity -MMD -MP -MF"Core/Src/main.d" -MT"Core/Src/main.o" --specs=nano.specs -mfpu=fpv4-sp-d16 -mfloat-abi=hard -mthumb -o "Core/Src/main.o"
arm-none-eabi-gcc "../Core/Src/stm32f4xx_hal_msp.c" -mcpu=cortex-m4 -std=gnu11 -g3 -DDEBUG -DUSE_HAL_DRIVER -DSTM32F410Rx -c -I../Core/Inc -I../Drivers/STM32F4xx_HAL_Driver/Inc -I../Drivers/STM32F4xx_HAL_Driver/Inc/Legacy -I../Drivers/CMSIS/Device/ST/STM32F4xx/Include -I../Drivers/CMSIS/Include -O0 -ffunction-sections -fdata-sections -Wall -fstack-usage -fcyclomatic-complexity -MMD -MP -MF"Core/Src/stm32f4xx_hal_msp.d" -MT"Core/Src/stm32f4xx_hal_msp.o" --specs=nano.specs -mfpu=fpv4-sp-d16 -mfloat-abi=hard -mthumb -o "Core/Src/stm32f4xx_hal_msp.o"
arm-none-eabi-gcc "../Core/Src/stm32f4xx_it.c" -mcpu=cortex-m4 -std=gnu11 -g3 -DDEBUG -DUSE_HAL_DRIVER -DSTM32F410Rx -c -I../Core/Inc -I../Drivers/STM32F4xx_HAL_Driver/Inc -I../Drivers/STM32F4xx_HAL_Driver/Inc/Legacy -I../Drivers/CMSIS/Device/ST/STM32F4xx/Include -I../Drivers/CMSIS/Include -O0 -ffunction-sections -fdata-sections -Wall -fstack-usage -fcyclomatic-complexity -MMD -MP -MF"Core/Src/stm32f4xx_it.d" -MT"Core/Src/stm32f4xx_it.o" --specs=nano.specs -mfpu=fpv4-sp-d16 -mfloat-abi=hard -mthumb -o "Core/Src/stm32f4xx_it.o"
arm-none-eabi-gcc "../Core/Src/syscalls.c" -mcpu=cortex-m4 -std=gnu11 -g3 -DDEBUG -DUSE_HAL_DRIVER -DSTM32F410Rx -c -I../Core/Inc -I../Drivers/STM32F4xx_HAL_Driver/Inc -I../Drivers/STM32F4xx_HAL_Driver/Inc/Legacy -I../Drivers/CMSIS/Device/ST/STM32F4xx/Include -I../Drivers/CMSIS/Include -O0 -ffunction-sections -fdata-sections -Wall -fstack-usage -fcyclomatic-complexity -MMD -MP -MF"Core/Src/syscalls.d" -MT"Core/Src/syscalls.o" --specs=nano.specs -mfpu=fpv4-sp-d16 -mfloat-abi=hard -mthumb -o "Core/Src/syscalls.o"
arm-none-eabi-gcc "../Core/Src/sysmem.c" -mcpu=cortex-m4 -std=gnu11 -g3 -DDEBUG -DUSE_HAL_DRIVER -DSTM32F410Rx -c -I../Core/Inc -I../Drivers/STM32F4xx_HAL_Driver/Inc -I../Drivers/STM32F4xx_HAL_Driver/Inc/Legacy -I../Drivers/CMSIS/Device/ST/STM32F4xx/Include -I../Drivers/CMSIS/Include -O0 -ffunction-sections -fdata-sections -Wall -fstack-usage -fcyclomatic-complexity -MMD -MP -MF"Core/Src/sysmem.d" -MT"Core/Src/sysmem.o" --specs=nano.specs -mfpu=fpv4-sp-d16 -mfloat-abi=hard -mthumb -o "Core/Src/sysmem.o"
arm-none-eabi-gcc "../Core/Src/system_stm32f4xx.c" -mcpu=cortex-m4 -std=gnu11 -g3 -DDEBUG -DUSE_HAL_DRIVER -DSTM32F410Rx -c -I../Core/Inc -I../Drivers/STM32F4xx_HAL_Driver/Inc -I../Drivers/STM32F4xx_HAL_Driver/Inc/Legacy -I../Drivers/CMSIS/Device/ST/STM32F4xx/Include -I../Drivers/CMSIS/Include -O0 -ffunction-sections -fdata-sections -Wall -fstack-usage -fcyclomatic-complexity -MMD -MP -MF"Core/Src/system_stm32f4xx.d" -MT"Core/Src/system_stm32f4xx.o" --specs=nano.specs -mfpu=fpv4-sp-d16 -mfloat-abi=hard -mthumb -o "Core/Src/system_stm32f4xx.o"
arm-none-eabi-gcc -o "01_basic_led.elf" @"objects.list"   -mcpu=cortex-m4 -T"C:\Users\Ferreyros\Desktop\NUCLEO STM32F410RB\Codigos\01_basic_led\STM32F410RBTX_FLASH.ld" --specs=nosys.specs -Wl,-Map="01_basic_led.map" -Wl,--gc-sections -static --specs=nano.specs -mfpu=fpv4-sp-d16 -mfloat-abi=hard -mthumb -Wl,--start-group -lc -lm -Wl,--end-group
Finished building target: 01_basic_led.elf
 
arm-none-eabi-size  01_basic_led.elf 
arm-none-eabi-objdump -h -S 01_basic_led.elf  > "01_basic_led.list"
   text	   data	    bss	    dec	    hex	filename
   7756	     12	   1644	   9412	   24c4	01_basic_led.elf
Finished building: default.size.stdout
 
Finished building: 01_basic_led.list
 
14:29:50 **** Incremental Build of configuration Debug for project 01_basic_led ****
make -j28 all 
arm-none-eabi-gcc "../Core/Src/main.c" -mcpu=cortex-m4 -std=gnu11 -g3 -DDEBUG -DUSE_HAL_DRIVER -DSTM32F410Rx -c -I../Core/Inc -I../Drivers/STM32F4xx_HAL_Driver/Inc -I../Drivers/STM32F4xx_HAL_Driver/Inc/Legacy -I../Drivers/CMSIS/Device/ST/STM32F4xx/Include -I../Drivers/CMSIS/Include -O0 -ffunction-sections -fdata-sections -Wall -fstack-usage -fcyclomatic-complexity -MMD -MP -MF"Core/Src/main.d" -MT"Core/Src/main.o" --specs=nano.specs -mfpu=fpv4-sp-d16 -mfloat-abi=hard -mthumb -o "Core/Src/main.o"
arm-none-eabi-gcc "../Core/Src/stm32f4xx_hal_msp.c" -mcpu=cortex-m4 -std=gnu11 -g3 -DDEBUG -DUSE_HAL_DRIVER -DSTM32F410Rx -c -I../Core/Inc -I../Drivers/STM32F4xx_HAL_Driver/Inc -I../Drivers/STM32F4xx_HAL_Driver/Inc/Legacy -I../Drivers/CMSIS/Device/ST/STM32F4xx/Include -I../Drivers/CMSIS/Include -O0 -ffunction-sections -fdata-sections -Wall -fstack-usage -fcyclomatic-complexity -MMD -MP -MF"Core/Src/stm32f4xx_hal_msp.d" -MT"Core/Src/stm32f4xx_hal_msp.o" --specs=nano.specs -mfpu=fpv4-sp-d16 -mfloat-abi=hard -mthumb -o "Core/Src/stm32f4xx_hal_msp.o"
arm-none-eabi-gcc "../Core/Src/stm32f4xx_it.c" -mcpu=cortex-m4 -std=gnu11 -g3 -DDEBUG -DUSE_HAL_DRIVER -DSTM32F410Rx -c -I../Core/Inc -I../Drivers/STM32F4xx_HAL_Driver/Inc -I../Drivers/STM32F4xx_HAL_Driver/Inc/Legacy -I../Drivers/CMSIS/Device/ST/STM32F4xx/Include -I../Drivers/CMSIS/Include -O0 -ffunction-sections -fdata-sections -Wall -fstack-usage -fcyclomatic-complexity -MMD -MP -MF"Core/Src/stm32f4xx_it.d" -MT"Core/Src/stm32f4xx_it.o" --specs=nano.specs -mfpu=fpv4-sp-d16 -mfloat-abi=hard -mthumb -o "Core/Src/stm32f4xx_it.o"
arm-none-eabi-gcc -o "01_basic_led.elf" @"objects.list"   -mcpu=cortex-m4 -T"C:\Users\Ferreyros\Desktop\NUCLEO STM32F410RB\Codigos\01_basic_led\STM32F410RBTX_FLASH.ld" --specs=nosys.specs -Wl,-Map="01_basic_led.map" -Wl,--gc-sections -static --specs=nano.specs -mfpu=fpv4-sp-d16 -mfloat-abi=hard -mthumb -Wl,--start-group -lc -lm -Wl,--end-group
Finished building target: 01_basic_led.elf
 
arm-none-eabi-size  01_basic_led.elf 
arm-none-eabi-objdump -h -S 01_basic_led.elf  > "01_basic_led.list"
   text	   data	    bss	    dec	    hex	filename
   7728	     12	   1644	   9384	   24a8	01_basic_led.elf
Finished building: default.size.stdout
 
Finished building: 01_basic_led.list
 
14:32:28 **** Incremental Build of configuration Debug for project 01_basic_led ****
make -j28 all 
arm-none-eabi-size  01_basic_led.elf 
   text	   data	    bss	    dec	    hex	filename
   7728	     12	   1644	   9384	   24a8	01_basic_led.elf
Finished building: default.size.stdout
 
14:34:09 **** Incremental Build of configuration Debug for project 01_basic_led ****
make -j28 all 
arm-none-eabi-gcc "../Core/Src/main.c" -mcpu=cortex-m4 -std=gnu11 -g3 -DDEBUG -DUSE_HAL_DRIVER -DSTM32F410Rx -c -I../Core/Inc -I../Drivers/STM32F4xx_HAL_Driver/Inc -I../Drivers/STM32F4xx_HAL_Driver/Inc/Legacy -I../Drivers/CMSIS/Device/ST/STM32F4xx/Include -I../Drivers/CMSIS/Include -O0 -ffunction-sections -fdata-sections -Wall -fstack-usage -fcyclomatic-complexity -MMD -MP -MF"Core/Src/main.d" -MT"Core/Src/main.o" --specs=nano.specs -mfpu=fpv4-sp-d16 -mfloat-abi=hard -mthumb -o "Core/Src/main.o"
../Core/Src/main.c: In function 'main':
../Core/Src/main.c:94:3: warning: implicit declaration of function 'printf' [-Wimplicit-function-declaration]
   94 |   printf("Hola mundo! :D");
      |   ^~~~~~
../Core/Src/main.c:21:1: note: include '<stdio.h>' or provide a declaration of 'printf'
   20 | #include "main.h"
  +++ |+#include <stdio.h>
   21 | 
../Core/Src/main.c:94:3: warning: incompatible implicit declaration of built-in function 'printf' [-Wbuiltin-declaration-mismatch]
   94 |   printf("Hola mundo! :D");
      |   ^~~~~~
../Core/Src/main.c:94:3: note: include '<stdio.h>' or provide a declaration of 'printf'
arm-none-eabi-gcc -o "01_basic_led.elf" @"objects.list"   -mcpu=cortex-m4 -T"C:\Users\Ferreyros\Desktop\NUCLEO STM32F410RB\Codigos\01_basic_led\STM32F410RBTX_FLASH.ld" --specs=nosys.specs -Wl,-Map="01_basic_led.map" -Wl,--gc-sections -static --specs=nano.specs -mfpu=fpv4-sp-d16 -mfloat-abi=hard -mthumb -Wl,--start-group -lc -lm -Wl,--end-group
Finished building target: 01_basic_led.elf
 
arm-none-eabi-size  01_basic_led.elf 
arm-none-eabi-objdump -h -S 01_basic_led.elf  > "01_basic_led.list"
   text	   data	    bss	    dec	    hex	filename
  11880	    104	   1976	  13960	   3688	01_basic_led.elf
Finished building: default.size.stdout
 
Finished building: 01_basic_led.list
 
14:43:18 **** Incremental Build of configuration Debug for project 01_basic_led ****
make -j28 all 
arm-none-eabi-gcc "../Core/Src/main.c" -mcpu=cortex-m4 -std=gnu11 -g3 -DDEBUG -DUSE_HAL_DRIVER -DSTM32F410Rx -c -I../Core/Inc -I../Drivers/STM32F4xx_HAL_Driver/Inc -I../Drivers/STM32F4xx_HAL_Driver/Inc/Legacy -I../Drivers/CMSIS/Device/ST/STM32F4xx/Include -I../Drivers/CMSIS/Include -O0 -ffunction-sections -fdata-sections -Wall -fstack-usage -fcyclomatic-complexity -MMD -MP -MF"Core/Src/main.d" -MT"Core/Src/main.o" --specs=nano.specs -mfpu=fpv4-sp-d16 -mfloat-abi=hard -mthumb -o "Core/Src/main.o"
../Core/Src/main.c: In function 'main':
../Core/Src/main.c:95:9: warning: implicit declaration of function 'printf' [-Wimplicit-function-declaration]
   95 |         printf("Hola mundo! :D");
      |         ^~~~~~
../Core/Src/main.c:21:1: note: include '<stdio.h>' or provide a declaration of 'printf'
   20 | #include "main.h"
  +++ |+#include <stdio.h>
   21 | 
../Core/Src/main.c:95:9: warning: incompatible implicit declaration of built-in function 'printf' [-Wbuiltin-declaration-mismatch]
   95 |         printf("Hola mundo! :D");
      |         ^~~~~~
../Core/Src/main.c:95:9: note: include '<stdio.h>' or provide a declaration of 'printf'
arm-none-eabi-gcc -o "01_basic_led.elf" @"objects.list"   -mcpu=cortex-m4 -T"C:\Users\Ferreyros\Desktop\NUCLEO STM32F410RB\Codigos\01_basic_led\STM32F410RBTX_FLASH.ld" --specs=nosys.specs -Wl,-Map="01_basic_led.map" -Wl,--gc-sections -static --specs=nano.specs -mfpu=fpv4-sp-d16 -mfloat-abi=hard -mthumb -Wl,--start-group -lc -lm -Wl,--end-group
Finished building target: 01_basic_led.elf
 
arm-none-eabi-size  01_basic_led.elf 
arm-none-eabi-objdump -h -S 01_basic_led.elf  > "01_basic_led.list"
   text	   data	    bss	    dec	    hex	filename
  11996	    104	   1976	  14076	   36fc	01_basic_led.elf
Finished building: default.size.stdout
 
Finished building: 01_basic_led.list
 
14:45:54 **** Incremental Build of configuration Debug for project 01_basic_led ****
make -j28 all 
arm-none-eabi-size  01_basic_led.elf 
   text	   data	    bss	    dec	    hex	filename
  11996	    104	   1976	  14076	   36fc	01_basic_led.elf
Finished building: default.size.stdout
 
14:46:18 **** Incremental Build of configuration Debug for project 01_basic_led ****
make -j28 all 
arm-none-eabi-gcc "../Core/Src/main.c" -mcpu=cortex-m4 -std=gnu11 -g3 -DDEBUG -DUSE_HAL_DRIVER -DSTM32F410Rx -c -I../Core/Inc -I../Drivers/STM32F4xx_HAL_Driver/Inc -I../Drivers/STM32F4xx_HAL_Driver/Inc/Legacy -I../Drivers/CMSIS/Device/ST/STM32F4xx/Include -I../Drivers/CMSIS/Include -O0 -ffunction-sections -fdata-sections -Wall -fstack-usage -fcyclomatic-complexity -MMD -MP -MF"Core/Src/main.d" -MT"Core/Src/main.o" --specs=nano.specs -mfpu=fpv4-sp-d16 -mfloat-abi=hard -mthumb -o "Core/Src/main.o"
../Core/Src/main.c: In function 'main':
../Core/Src/main.c:95:9: warning: implicit declaration of function 'printf' [-Wimplicit-function-declaration]
   95 |         printf("Hola mundo! :D");
      |         ^~~~~~
../Core/Src/main.c:21:1: note: include '<stdio.h>' or provide a declaration of 'printf'
   20 | #include "main.h"
  +++ |+#include <stdio.h>
   21 | 
../Core/Src/main.c:95:9: warning: incompatible implicit declaration of built-in function 'printf' [-Wbuiltin-declaration-mismatch]
   95 |         printf("Hola mundo! :D");
      |         ^~~~~~
../Core/Src/main.c:95:9: note: include '<stdio.h>' or provide a declaration of 'printf'
arm-none-eabi-gcc -o "01_basic_led.elf" @"objects.list"   -mcpu=cortex-m4 -T"C:\Users\Ferreyros\Desktop\NUCLEO STM32F410RB\Codigos\01_basic_led\STM32F410RBTX_FLASH.ld" --specs=nosys.specs -Wl,-Map="01_basic_led.map" -Wl,--gc-sections -static --specs=nano.specs -mfpu=fpv4-sp-d16 -mfloat-abi=hard -mthumb -Wl,--start-group -lc -lm -Wl,--end-group
Finished building target: 01_basic_led.elf
 
arm-none-eabi-size  01_basic_led.elf 
arm-none-eabi-objdump -h -S 01_basic_led.elf  > "01_basic_led.list"
   text	   data	    bss	    dec	    hex	filename
  11996	    104	   1976	  14076	   36fc	01_basic_led.elf
Finished building: default.size.stdout
 
Finished building: 01_basic_led.list
 
14:52:02 **** Incremental Build of configuration Debug for project 01_basic_led ****
make -j28 all 
arm-none-eabi-gcc "../Core/Src/main.c" -mcpu=cortex-m4 -std=gnu11 -g3 -DDEBUG -DUSE_HAL_DRIVER -DSTM32F410Rx -c -I../Core/Inc -I../Drivers/STM32F4xx_HAL_Driver/Inc -I../Drivers/STM32F4xx_HAL_Driver/Inc/Legacy -I../Drivers/CMSIS/Device/ST/STM32F4xx/Include -I../Drivers/CMSIS/Include -O0 -ffunction-sections -fdata-sections -Wall -fstack-usage -fcyclomatic-complexity -MMD -MP -MF"Core/Src/main.d" -MT"Core/Src/main.o" --specs=nano.specs -mfpu=fpv4-sp-d16 -mfloat-abi=hard -mthumb -o "Core/Src/main.o"
../Core/Src/main.c: In function 'main':
../Core/Src/main.c:95:9: warning: implicit declaration of function 'printf' [-Wimplicit-function-declaration]
   95 |         printf("Hola mundo! :D");
      |         ^~~~~~
../Core/Src/main.c:21:1: note: include '<stdio.h>' or provide a declaration of 'printf'
   20 | #include "main.h"
  +++ |+#include <stdio.h>
   21 | 
../Core/Src/main.c:95:9: warning: incompatible implicit declaration of built-in function 'printf' [-Wbuiltin-declaration-mismatch]
   95 |         printf("Hola mundo! :D");
      |         ^~~~~~
../Core/Src/main.c:95:9: note: include '<stdio.h>' or provide a declaration of 'printf'
arm-none-eabi-gcc -o "01_basic_led.elf" @"objects.list"   -mcpu=cortex-m4 -T"C:\Users\Ferreyros\Desktop\NUCLEO STM32F410RB\Codigos\01_basic_led\STM32F410RBTX_FLASH.ld" --specs=nosys.specs -Wl,-Map="01_basic_led.map" -Wl,--gc-sections -static --specs=nano.specs -mfpu=fpv4-sp-d16 -mfloat-abi=hard -mthumb -Wl,--start-group -lc -lm -Wl,--end-group
Finished building target: 01_basic_led.elf
 
arm-none-eabi-size  01_basic_led.elf 
arm-none-eabi-objdump -h -S 01_basic_led.elf  > "01_basic_led.list"
   text	   data	    bss	    dec	    hex	filename
  11996	    104	   1976	  14076	   36fc	01_basic_led.elf
Finished building: default.size.stdout
 
Finished building: 01_basic_led.list
 
21:21:03 **** Build of configuration Debug for project 01_basic_led ****
make -j28 all 
arm-none-eabi-gcc "../Core/Src/main.c" -mcpu=cortex-m4 -std=gnu11 -g3 -DDEBUG -DUSE_HAL_DRIVER -DSTM32F410Rx -c -I../Core/Inc -I../Drivers/STM32F4xx_HAL_Driver/Inc -I../Drivers/STM32F4xx_HAL_Driver/Inc/Legacy -I../Drivers/CMSIS/Device/ST/STM32F4xx/Include -I../Drivers/CMSIS/Include -O0 -ffunction-sections -fdata-sections -Wall -fstack-usage -fcyclomatic-complexity -MMD -MP -MF"Core/Src/main.d" -MT"Core/Src/main.o" --specs=nano.specs -mfpu=fpv4-sp-d16 -mfloat-abi=hard -mthumb -o "Core/Src/main.o"
../Core/Src/main.c: In function 'main':
../Core/Src/main.c:95:9: warning: implicit declaration of function 'printf' [-Wimplicit-function-declaration]
   95 |         printf("Hola mundo! :D");
      |         ^~~~~~
../Core/Src/main.c:21:1: note: include '<stdio.h>' or provide a declaration of 'printf'
   20 | #include "main.h"
  +++ |+#include <stdio.h>
   21 | 
../Core/Src/main.c:95:9: warning: incompatible implicit declaration of built-in function 'printf' [-Wbuiltin-declaration-mismatch]
   95 |         printf("Hola mundo! :D");
      |         ^~~~~~
../Core/Src/main.c:95:9: note: include '<stdio.h>' or provide a declaration of 'printf'
arm-none-eabi-gcc -o "01_basic_led.elf" @"objects.list"   -mcpu=cortex-m4 -T"C:\Users\Ferreyros\Desktop\NUCLEO STM32F410RB\Codigos\01_basic_led\STM32F410RBTX_FLASH.ld" --specs=nosys.specs -Wl,-Map="01_basic_led.map" -Wl,--gc-sections -static --specs=nano.specs -mfpu=fpv4-sp-d16 -mfloat-abi=hard -mthumb -Wl,--start-group -lc -lm -Wl,--end-group
Finished building target: 01_basic_led.elf
 
arm-none-eabi-size  01_basic_led.elf 
arm-none-eabi-objdump -h -S 01_basic_led.elf  > "01_basic_led.list"
   text	   data	    bss	    dec	    hex	filename
  12020	    104	   1976	  14100	   3714	01_basic_led.elf
Finished building: default.size.stdout
 
Finished building: 01_basic_led.list
 
21:25:34 **** Incremental Build of configuration Debug for project 01_basic_led ****
make -j28 all 
arm-none-eabi-gcc "../Core/Src/main.c" -mcpu=cortex-m4 -std=gnu11 -g3 -DDEBUG -DUSE_HAL_DRIVER -DSTM32F410Rx -c -I../Core/Inc -I../Drivers/STM32F4xx_HAL_Driver/Inc -I../Drivers/STM32F4xx_HAL_Driver/Inc/Legacy -I../Drivers/CMSIS/Device/ST/STM32F4xx/Include -I../Drivers/CMSIS/Include -O0 -ffunction-sections -fdata-sections -Wall -fstack-usage -fcyclomatic-complexity -MMD -MP -MF"Core/Src/main.d" -MT"Core/Src/main.o" --specs=nano.specs -mfpu=fpv4-sp-d16 -mfloat-abi=hard -mthumb -o "Core/Src/main.o"
../Core/Src/main.c: In function 'main':
../Core/Src/main.c:95:9: warning: implicit declaration of function 'printf' [-Wimplicit-function-declaration]
   95 |         printf("Hola mundo! :D");
      |         ^~~~~~
../Core/Src/main.c:21:1: note: include '<stdio.h>' or provide a declaration of 'printf'
   20 | #include "main.h"
  +++ |+#include <stdio.h>
   21 | 
../Core/Src/main.c:95:9: warning: incompatible implicit declaration of built-in function 'printf' [-Wbuiltin-declaration-mismatch]
   95 |         printf("Hola mundo! :D");
      |         ^~~~~~
../Core/Src/main.c:95:9: note: include '<stdio.h>' or provide a declaration of 'printf'
arm-none-eabi-gcc -o "01_basic_led.elf" @"objects.list"   -mcpu=cortex-m4 -T"C:\Users\Ferreyros\Desktop\NUCLEO STM32F410RB\Codigos\01_basic_led\STM32F410RBTX_FLASH.ld" --specs=nosys.specs -Wl,-Map="01_basic_led.map" -Wl,--gc-sections -static --specs=nano.specs -mfpu=fpv4-sp-d16 -mfloat-abi=hard -mthumb -Wl,--start-group -lc -lm -Wl,--end-group
Finished building target: 01_basic_led.elf
 
arm-none-eabi-size  01_basic_led.elf 
arm-none-eabi-objdump -h -S 01_basic_led.elf  > "01_basic_led.list"
   text	   data	    bss	    dec	    hex	filename
  12052	    104	   1976	  14132	   3734	01_basic_led.elf
Finished building: default.size.stdout
 
Finished building: 01_basic_led.list
 
21:26:21 **** Incremental Build of configuration Debug for project 01_basic_led ****
make -j28 all 
arm-none-eabi-gcc "../Core/Src/main.c" -mcpu=cortex-m4 -std=gnu11 -g3 -DDEBUG -DUSE_HAL_DRIVER -DSTM32F410Rx -c -I../Core/Inc -I../Drivers/STM32F4xx_HAL_Driver/Inc -I../Drivers/STM32F4xx_HAL_Driver/Inc/Legacy -I../Drivers/CMSIS/Device/ST/STM32F4xx/Include -I../Drivers/CMSIS/Include -O0 -ffunction-sections -fdata-sections -Wall -fstack-usage -fcyclomatic-complexity -MMD -MP -MF"Core/Src/main.d" -MT"Core/Src/main.o" --specs=nano.specs -mfpu=fpv4-sp-d16 -mfloat-abi=hard -mthumb -o "Core/Src/main.o"
../Core/Src/main.c: In function 'main':
../Core/Src/main.c:95:9: warning: implicit declaration of function 'printf' [-Wimplicit-function-declaration]
   95 |         printf("Hola mundo! :D");
      |         ^~~~~~
../Core/Src/main.c:21:1: note: include '<stdio.h>' or provide a declaration of 'printf'
   20 | #include "main.h"
  +++ |+#include <stdio.h>
   21 | 
../Core/Src/main.c:95:9: warning: incompatible implicit declaration of built-in function 'printf' [-Wbuiltin-declaration-mismatch]
   95 |         printf("Hola mundo! :D");
      |         ^~~~~~
../Core/Src/main.c:95:9: note: include '<stdio.h>' or provide a declaration of 'printf'
arm-none-eabi-gcc -o "01_basic_led.elf" @"objects.list"   -mcpu=cortex-m4 -T"C:\Users\Ferreyros\Desktop\NUCLEO STM32F410RB\Codigos\01_basic_led\STM32F410RBTX_FLASH.ld" --specs=nosys.specs -Wl,-Map="01_basic_led.map" -Wl,--gc-sections -static --specs=nano.specs -mfpu=fpv4-sp-d16 -mfloat-abi=hard -mthumb -Wl,--start-group -lc -lm -Wl,--end-group
Finished building target: 01_basic_led.elf
 
arm-none-eabi-size  01_basic_led.elf 
arm-none-eabi-objdump -h -S 01_basic_led.elf  > "01_basic_led.list"
   text	   data	    bss	    dec	    hex	filename
  12052	    104	   1976	  14132	   3734	01_basic_led.elf
Finished building: default.size.stdout
 
Finished building: 01_basic_led.list
 
22:30:10 **** Incremental Build of configuration Debug for project 01_basic_led ****
make -j28 all 
arm-none-eabi-gcc "../Core/Src/main.c" -mcpu=cortex-m4 -std=gnu11 -g3 -DDEBUG -DUSE_HAL_DRIVER -DSTM32F410Rx -c -I../Core/Inc -I../Drivers/STM32F4xx_HAL_Driver/Inc -I../Drivers/STM32F4xx_HAL_Driver/Inc/Legacy -I../Drivers/CMSIS/Device/ST/STM32F4xx/Include -I../Drivers/CMSIS/Include -O0 -ffunction-sections -fdata-sections -Wall -fstack-usage -fcyclomatic-complexity -MMD -MP -MF"Core/Src/main.d" -MT"Core/Src/main.o" --specs=nano.specs -mfpu=fpv4-sp-d16 -mfloat-abi=hard -mthumb -o "Core/Src/main.o"
../Core/Src/main.c: In function 'main':
../Core/Src/main.c:95:9: warning: implicit declaration of function 'printf' [-Wimplicit-function-declaration]
   95 |         printf("Hola mundo! :D");
      |         ^~~~~~
../Core/Src/main.c:21:1: note: include '<stdio.h>' or provide a declaration of 'printf'
   20 | #include "main.h"
  +++ |+#include <stdio.h>
   21 | 
../Core/Src/main.c:95:9: warning: incompatible implicit declaration of built-in function 'printf' [-Wbuiltin-declaration-mismatch]
   95 |         printf("Hola mundo! :D");
      |         ^~~~~~
../Core/Src/main.c:95:9: note: include '<stdio.h>' or provide a declaration of 'printf'
arm-none-eabi-gcc -o "01_basic_led.elf" @"objects.list"   -mcpu=cortex-m4 -T"C:\Users\Ferreyros\Desktop\NUCLEO STM32F410RB\Codigos\01_basic_led\STM32F410RBTX_FLASH.ld" --specs=nosys.specs -Wl,-Map="01_basic_led.map" -Wl,--gc-sections -static --specs=nano.specs -mfpu=fpv4-sp-d16 -mfloat-abi=hard -mthumb -Wl,--start-group -lc -lm -Wl,--end-group
Finished building target: 01_basic_led.elf
 
arm-none-eabi-size  01_basic_led.elf 
arm-none-eabi-objdump -h -S 01_basic_led.elf  > "01_basic_led.list"
   text	   data	    bss	    dec	    hex	filename
  12056	    104	   1976	  14136	   3738	01_basic_led.elf
Finished building: default.size.stdout
 
Finished building: 01_basic_led.list
 
22:31:00 **** Incremental Build of configuration Debug for project 01_basic_led ****
make -j28 all 
arm-none-eabi-gcc "../Core/Src/main.c" -mcpu=cortex-m4 -std=gnu11 -g3 -DDEBUG -DUSE_HAL_DRIVER -DSTM32F410Rx -c -I../Core/Inc -I../Drivers/STM32F4xx_HAL_Driver/Inc -I../Drivers/STM32F4xx_HAL_Driver/Inc/Legacy -I../Drivers/CMSIS/Device/ST/STM32F4xx/Include -I../Drivers/CMSIS/Include -O0 -ffunction-sections -fdata-sections -Wall -fstack-usage -fcyclomatic-complexity -MMD -MP -MF"Core/Src/main.d" -MT"Core/Src/main.o" --specs=nano.specs -mfpu=fpv4-sp-d16 -mfloat-abi=hard -mthumb -o "Core/Src/main.o"
../Core/Src/main.c: In function 'main':
../Core/Src/main.c:95:9: warning: implicit declaration of function 'printf' [-Wimplicit-function-declaration]
   95 |         printf("Hola mundo! :D");
      |         ^~~~~~
../Core/Src/main.c:21:1: note: include '<stdio.h>' or provide a declaration of 'printf'
   20 | #include "main.h"
  +++ |+#include <stdio.h>
   21 | 
../Core/Src/main.c:95:9: warning: incompatible implicit declaration of built-in function 'printf' [-Wbuiltin-declaration-mismatch]
   95 |         printf("Hola mundo! :D");
      |         ^~~~~~
../Core/Src/main.c:95:9: note: include '<stdio.h>' or provide a declaration of 'printf'
arm-none-eabi-gcc -o "01_basic_led.elf" @"objects.list"   -mcpu=cortex-m4 -T"C:\Users\Ferreyros\Desktop\NUCLEO STM32F410RB\Codigos\01_basic_led\STM32F410RBTX_FLASH.ld" --specs=nosys.specs -Wl,-Map="01_basic_led.map" -Wl,--gc-sections -static --specs=nano.specs -mfpu=fpv4-sp-d16 -mfloat-abi=hard -mthumb -Wl,--start-group -lc -lm -Wl,--end-group
Finished building target: 01_basic_led.elf
 
arm-none-eabi-size  01_basic_led.elf 
arm-none-eabi-objdump -h -S 01_basic_led.elf  > "01_basic_led.list"
   text	   data	    bss	    dec	    hex	filename
  12060	    104	   1976	  14140	   373c	01_basic_led.elf
Finished building: default.size.stdout
 
Finished building: 01_basic_led.list
 
22:33:59 **** Incremental Build of configuration Debug for project 01_basic_led ****
make -j28 all 
arm-none-eabi-gcc "../Core/Src/main.c" -mcpu=cortex-m4 -std=gnu11 -g3 -DDEBUG -DUSE_HAL_DRIVER -DSTM32F410Rx -c -I../Core/Inc -I../Drivers/STM32F4xx_HAL_Driver/Inc -I../Drivers/STM32F4xx_HAL_Driver/Inc/Legacy -I../Drivers/CMSIS/Device/ST/STM32F4xx/Include -I../Drivers/CMSIS/Include -O0 -ffunction-sections -fdata-sections -Wall -fstack-usage -fcyclomatic-complexity -MMD -MP -MF"Core/Src/main.d" -MT"Core/Src/main.o" --specs=nano.specs -mfpu=fpv4-sp-d16 -mfloat-abi=hard -mthumb -o "Core/Src/main.o"
../Core/Src/main.c: In function 'main':
../Core/Src/main.c:95:9: warning: implicit declaration of function 'printf' [-Wimplicit-function-declaration]
   95 |         printf("Hola mundo! :D");
      |         ^~~~~~
../Core/Src/main.c:21:1: note: include '<stdio.h>' or provide a declaration of 'printf'
   20 | #include "main.h"
  +++ |+#include <stdio.h>
   21 | 
../Core/Src/main.c:95:9: warning: incompatible implicit declaration of built-in function 'printf' [-Wbuiltin-declaration-mismatch]
   95 |         printf("Hola mundo! :D");
      |         ^~~~~~
../Core/Src/main.c:95:9: note: include '<stdio.h>' or provide a declaration of 'printf'
arm-none-eabi-gcc -o "01_basic_led.elf" @"objects.list"   -mcpu=cortex-m4 -T"C:\Users\Ferreyros\Desktop\NUCLEO STM32F410RB\Codigos\01_basic_led\STM32F410RBTX_FLASH.ld" --specs=nosys.specs -Wl,-Map="01_basic_led.map" -Wl,--gc-sections -static --specs=nano.specs -mfpu=fpv4-sp-d16 -mfloat-abi=hard -mthumb -Wl,--start-group -lc -lm -Wl,--end-group
Finished building target: 01_basic_led.elf
 
arm-none-eabi-size  01_basic_led.elf 
arm-none-eabi-objdump -h -S 01_basic_led.elf  > "01_basic_led.list"
   text	   data	    bss	    dec	    hex	filename
  12068	    104	   1976	  14148	   3744	01_basic_led.elf
Finished building: default.size.stdout
 
Finished building: 01_basic_led.list
 
11:25:03 **** Build of configuration Debug for project 01_basic_led ****
make -j28 all 
arm-none-eabi-gcc "../Core/Src/main.c" -mcpu=cortex-m4 -std=gnu11 -g3 -DDEBUG -DUSE_HAL_DRIVER -DSTM32F410Rx -c -I../Core/Inc -I../Drivers/STM32F4xx_HAL_Driver/Inc -I../Drivers/STM32F4xx_HAL_Driver/Inc/Legacy -I../Drivers/CMSIS/Device/ST/STM32F4xx/Include -I../Drivers/CMSIS/Include -O0 -ffunction-sections -fdata-sections -Wall -fstack-usage -fcyclomatic-complexity -MMD -MP -MF"Core/Src/main.d" -MT"Core/Src/main.o" --specs=nano.specs -mfpu=fpv4-sp-d16 -mfloat-abi=hard -mthumb -o "Core/Src/main.o"
../Core/Src/main.c:60:20: error: unknown type name 'chat'; did you mean 'char'?
   60 | int _write(int fd, chat *ptr, int len) {
      |                    ^~~~
      |                    char
../Core/Src/main.c: In function 'main':
../Core/Src/main.c:108:9: warning: implicit declaration of function 'printf' [-Wimplicit-function-declaration]
  108 |         printf("Hola mundo! :D");
      |         ^~~~~~
../Core/Src/main.c:21:1: note: include '<stdio.h>' or provide a declaration of 'printf'
   20 | #include "main.h"
  +++ |+#include <stdio.h>
   21 | 
../Core/Src/main.c:108:9: warning: incompatible implicit declaration of built-in function 'printf' [-Wbuiltin-declaration-mismatch]
  108 |         printf("Hola mundo! :D");
      |         ^~~~~~
../Core/Src/main.c:108:9: note: include '<stdio.h>' or provide a declaration of 'printf'
../Core/Src/main.c:178:21: error: invalid storage class for function 'MX_USART2_UART_Init'
  178 |         static void MX_USART2_UART_Init(void) {
      |                     ^~~~~~~~~~~~~~~~~~~
../Core/Src/main.c:209:21: error: invalid storage class for function 'MX_GPIO_Init'
  209 |         static void MX_GPIO_Init(void) {
      |                     ^~~~~~~~~~~~
../Core/Src/main.c:257:9: error: expected declaration or statement at end of input
  257 |         }
      |         ^
../Core/Src/main.c: At top level:
../Core/Src/main.c:51:13: warning: 'MX_GPIO_Init' used but never defined
   51 | static void MX_GPIO_Init(void);
      |             ^~~~~~~~~~~~
../Core/Src/main.c:52:13: warning: 'MX_USART2_UART_Init' used but never defined
   52 | static void MX_USART2_UART_Init(void);
      |             ^~~~~~~~~~~~~~~~~~~
../Core/Src/main.c:250:14: warning: 'Error_Handler' defined but not used [-Wunused-function]
  250 |         void Error_Handler(void) {
      |              ^~~~~~~~~~~~~
../Core/Src/main.c:209:21: warning: 'MX_GPIO_Init' defined but not used [-Wunused-function]
  209 |         static void MX_GPIO_Init(void) {
      |                     ^~~~~~~~~~~~
../Core/Src/main.c:178:21: warning: 'MX_USART2_UART_Init' defined but not used [-Wunused-function]
  178 |         static void MX_USART2_UART_Init(void) {
      |                     ^~~~~~~~~~~~~~~~~~~
../Core/Src/main.c:141:14: warning: 'SystemClock_Config' defined but not used [-Wunused-function]
  141 |         void SystemClock_Config(void) {
      |              ^~~~~~~~~~~~~~~~~~
make: *** [Core/Src/subdir.mk:34: Core/Src/main.o] Error 1
"make -j28 all" terminated with exit code 2. Build might be incomplete.
11:25:24 **** Incremental Build of configuration Debug for project 01_basic_led ****
make -j28 all 
arm-none-eabi-gcc "../Core/Src/main.c" -mcpu=cortex-m4 -std=gnu11 -g3 -DDEBUG -DUSE_HAL_DRIVER -DSTM32F410Rx -c -I../Core/Inc -I../Drivers/STM32F4xx_HAL_Driver/Inc -I../Drivers/STM32F4xx_HAL_Driver/Inc/Legacy -I../Drivers/CMSIS/Device/ST/STM32F4xx/Include -I../Drivers/CMSIS/Include -O0 -ffunction-sections -fdata-sections -Wall -fstack-usage -fcyclomatic-complexity -MMD -MP -MF"Core/Src/main.d" -MT"Core/Src/main.o" --specs=nano.specs -mfpu=fpv4-sp-d16 -mfloat-abi=hard -mthumb -o "Core/Src/main.o"
../Core/Src/main.c: In function 'main':
../Core/Src/main.c:108:9: warning: implicit declaration of function 'printf' [-Wimplicit-function-declaration]
  108 |         printf("Hola mundo! :D");
      |         ^~~~~~
../Core/Src/main.c:21:1: note: include '<stdio.h>' or provide a declaration of 'printf'
   20 | #include "main.h"
  +++ |+#include <stdio.h>
   21 | 
../Core/Src/main.c:108:9: warning: incompatible implicit declaration of built-in function 'printf' [-Wbuiltin-declaration-mismatch]
  108 |         printf("Hola mundo! :D");
      |         ^~~~~~
../Core/Src/main.c:108:9: note: include '<stdio.h>' or provide a declaration of 'printf'
../Core/Src/main.c:178:21: error: invalid storage class for function 'MX_USART2_UART_Init'
  178 |         static void MX_USART2_UART_Init(void) {
      |                     ^~~~~~~~~~~~~~~~~~~
../Core/Src/main.c:209:21: error: invalid storage class for function 'MX_GPIO_Init'
  209 |         static void MX_GPIO_Init(void) {
      |                     ^~~~~~~~~~~~
../Core/Src/main.c:257:9: error: expected declaration or statement at end of input
  257 |         }
      |         ^
../Core/Src/main.c: At top level:
../Core/Src/main.c:51:13: warning: 'MX_GPIO_Init' used but never defined
   51 | static void MX_GPIO_Init(void);
      |             ^~~~~~~~~~~~
../Core/Src/main.c:52:13: warning: 'MX_USART2_UART_Init' used but never defined
   52 | static void MX_USART2_UART_Init(void);
      |             ^~~~~~~~~~~~~~~~~~~
../Core/Src/main.c:250:14: warning: 'Error_Handler' defined but not used [-Wunused-function]
  250 |         void Error_Handler(void) {
      |              ^~~~~~~~~~~~~
../Core/Src/main.c:209:21: warning: 'MX_GPIO_Init' defined but not used [-Wunused-function]
  209 |         static void MX_GPIO_Init(void) {
      |                     ^~~~~~~~~~~~
../Core/Src/main.c:178:21: warning: 'MX_USART2_UART_Init' defined but not used [-Wunused-function]
  178 |         static void MX_USART2_UART_Init(void) {
      |                     ^~~~~~~~~~~~~~~~~~~
../Core/Src/main.c:141:14: warning: 'SystemClock_Config' defined but not used [-Wunused-function]
  141 |         void SystemClock_Config(void) {
      |              ^~~~~~~~~~~~~~~~~~
make: *** [Core/Src/subdir.mk:34: Core/Src/main.o] Error 1
"make -j28 all" terminated with exit code 2. Build might be incomplete.
11:25:30 **** Incremental Build of configuration Debug for project 01_basic_led ****
make -j28 all 
arm-none-eabi-gcc "../Core/Src/main.c" -mcpu=cortex-m4 -std=gnu11 -g3 -DDEBUG -DUSE_HAL_DRIVER -DSTM32F410Rx -c -I../Core/Inc -I../Drivers/STM32F4xx_HAL_Driver/Inc -I../Drivers/STM32F4xx_HAL_Driver/Inc/Legacy -I../Drivers/CMSIS/Device/ST/STM32F4xx/Include -I../Drivers/CMSIS/Include -O0 -ffunction-sections -fdata-sections -Wall -fstack-usage -fcyclomatic-complexity -MMD -MP -MF"Core/Src/main.d" -MT"Core/Src/main.o" --specs=nano.specs -mfpu=fpv4-sp-d16 -mfloat-abi=hard -mthumb -o "Core/Src/main.o"
../Core/Src/main.c: In function 'main':
../Core/Src/main.c:108:9: warning: implicit declaration of function 'printf' [-Wimplicit-function-declaration]
  108 |         printf("Hola mundo! :D");
      |         ^~~~~~
../Core/Src/main.c:21:1: note: include '<stdio.h>' or provide a declaration of 'printf'
   20 | #include "main.h"
  +++ |+#include <stdio.h>
   21 | 
../Core/Src/main.c:108:9: warning: incompatible implicit declaration of built-in function 'printf' [-Wbuiltin-declaration-mismatch]
  108 |         printf("Hola mundo! :D");
      |         ^~~~~~
../Core/Src/main.c:108:9: note: include '<stdio.h>' or provide a declaration of 'printf'
../Core/Src/main.c:178:21: error: invalid storage class for function 'MX_USART2_UART_Init'
  178 |         static void MX_USART2_UART_Init(void) {
      |                     ^~~~~~~~~~~~~~~~~~~
../Core/Src/main.c:209:21: error: invalid storage class for function 'MX_GPIO_Init'
  209 |         static void MX_GPIO_Init(void) {
      |                     ^~~~~~~~~~~~
../Core/Src/main.c:257:9: error: expected declaration or statement at end of input
  257 |         }
      |         ^
../Core/Src/main.c: At top level:
../Core/Src/main.c:51:13: warning: 'MX_GPIO_Init' used but never defined
   51 | static void MX_GPIO_Init(void);
      |             ^~~~~~~~~~~~
../Core/Src/main.c:52:13: warning: 'MX_USART2_UART_Init' used but never defined
   52 | static void MX_USART2_UART_Init(void);
      |             ^~~~~~~~~~~~~~~~~~~
../Core/Src/main.c:250:14: warning: 'Error_Handler' defined but not used [-Wunused-function]
  250 |         void Error_Handler(void) {
      |              ^~~~~~~~~~~~~
../Core/Src/main.c:209:21: warning: 'MX_GPIO_Init' defined but not used [-Wunused-function]
  209 |         static void MX_GPIO_Init(void) {
      |                     ^~~~~~~~~~~~
../Core/Src/main.c:178:21: warning: 'MX_USART2_UART_Init' defined but not used [-Wunused-function]
  178 |         static void MX_USART2_UART_Init(void) {
      |                     ^~~~~~~~~~~~~~~~~~~
../Core/Src/main.c:141:14: warning: 'SystemClock_Config' defined but not used [-Wunused-function]
  141 |         void SystemClock_Config(void) {
      |              ^~~~~~~~~~~~~~~~~~
make: *** [Core/Src/subdir.mk:34: Core/Src/main.o] Error 1
"make -j28 all" terminated with exit code 2. Build might be incomplete.
11:25:59 **** Incremental Build of configuration Debug for project 01_basic_led ****
make -j28 all 
arm-none-eabi-gcc "../Core/Src/main.c" -mcpu=cortex-m4 -std=gnu11 -g3 -DDEBUG -DUSE_HAL_DRIVER -DSTM32F410Rx -c -I../Core/Inc -I../Drivers/STM32F4xx_HAL_Driver/Inc -I../Drivers/STM32F4xx_HAL_Driver/Inc/Legacy -I../Drivers/CMSIS/Device/ST/STM32F4xx/Include -I../Drivers/CMSIS/Include -O0 -ffunction-sections -fdata-sections -Wall -fstack-usage -fcyclomatic-complexity -MMD -MP -MF"Core/Src/main.d" -MT"Core/Src/main.o" --specs=nano.specs -mfpu=fpv4-sp-d16 -mfloat-abi=hard -mthumb -o "Core/Src/main.o"
../Core/Src/main.c: In function 'main':
../Core/Src/main.c:108:9: warning: implicit declaration of function 'printf' [-Wimplicit-function-declaration]
  108 |         printf("Hola mundo! :D");
      |         ^~~~~~
../Core/Src/main.c:21:1: note: include '<stdio.h>' or provide a declaration of 'printf'
   20 | #include "main.h"
  +++ |+#include <stdio.h>
   21 | 
../Core/Src/main.c:108:9: warning: incompatible implicit declaration of built-in function 'printf' [-Wbuiltin-declaration-mismatch]
  108 |         printf("Hola mundo! :D");
      |         ^~~~~~
../Core/Src/main.c:108:9: note: include '<stdio.h>' or provide a declaration of 'printf'
../Core/Src/main.c:178:21: error: invalid storage class for function 'MX_USART2_UART_Init'
  178 |         static void MX_USART2_UART_Init(void) {
      |                     ^~~~~~~~~~~~~~~~~~~
../Core/Src/main.c:209:21: error: invalid storage class for function 'MX_GPIO_Init'
  209 |         static void MX_GPIO_Init(void) {
      |                     ^~~~~~~~~~~~
../Core/Src/main.c:257:9: error: expected declaration or statement at end of input
  257 |         }
      |         ^
../Core/Src/main.c: At top level:
../Core/Src/main.c:51:13: warning: 'MX_GPIO_Init' used but never defined
   51 | static void MX_GPIO_Init(void);
      |             ^~~~~~~~~~~~
../Core/Src/main.c:52:13: warning: 'MX_USART2_UART_Init' used but never defined
   52 | static void MX_USART2_UART_Init(void);
      |             ^~~~~~~~~~~~~~~~~~~
../Core/Src/main.c:250:14: warning: 'Error_Handler' defined but not used [-Wunused-function]
  250 |         void Error_Handler(void) {
      |              ^~~~~~~~~~~~~
../Core/Src/main.c:209:21: warning: 'MX_GPIO_Init' defined but not used [-Wunused-function]
  209 |         static void MX_GPIO_Init(void) {
      |                     ^~~~~~~~~~~~
../Core/Src/main.c:178:21: warning: 'MX_USART2_UART_Init' defined but not used [-Wunused-function]
  178 |         static void MX_USART2_UART_Init(void) {
      |                     ^~~~~~~~~~~~~~~~~~~
../Core/Src/main.c:141:14: warning: 'SystemClock_Config' defined but not used [-Wunused-function]
  141 |         void SystemClock_Config(void) {
      |              ^~~~~~~~~~~~~~~~~~
make: *** [Core/Src/subdir.mk:34: Core/Src/main.o] Error 1
"make -j28 all" terminated with exit code 2. Build might be incomplete.
11:26:47 **** Incremental Build of configuration Debug for project 01_basic_led ****
make -j28 all 
arm-none-eabi-gcc "../Core/Src/main.c" -mcpu=cortex-m4 -std=gnu11 -g3 -DDEBUG -DUSE_HAL_DRIVER -DSTM32F410Rx -c -I../Core/Inc -I../Drivers/STM32F4xx_HAL_Driver/Inc -I../Drivers/STM32F4xx_HAL_Driver/Inc/Legacy -I../Drivers/CMSIS/Device/ST/STM32F4xx/Include -I../Drivers/CMSIS/Include -O0 -ffunction-sections -fdata-sections -Wall -fstack-usage -fcyclomatic-complexity -MMD -MP -MF"Core/Src/main.d" -MT"Core/Src/main.o" --specs=nano.specs -mfpu=fpv4-sp-d16 -mfloat-abi=hard -mthumb -o "Core/Src/main.o"
../Core/Src/main.c: In function 'main':
../Core/Src/main.c:108:9: warning: implicit declaration of function 'printf' [-Wimplicit-function-declaration]
  108 |         printf("Hola mundo! :D");
      |         ^~~~~~
../Core/Src/main.c:21:1: note: include '<stdio.h>' or provide a declaration of 'printf'
   20 | #include "main.h"
  +++ |+#include <stdio.h>
   21 | 
../Core/Src/main.c:108:9: warning: incompatible implicit declaration of built-in function 'printf' [-Wbuiltin-declaration-mismatch]
  108 |         printf("Hola mundo! :D");
      |         ^~~~~~
../Core/Src/main.c:108:9: note: include '<stdio.h>' or provide a declaration of 'printf'
../Core/Src/main.c:178:21: error: invalid storage class for function 'MX_USART2_UART_Init'
  178 |         static void MX_USART2_UART_Init(void) {
      |                     ^~~~~~~~~~~~~~~~~~~
../Core/Src/main.c:209:21: error: invalid storage class for function 'MX_GPIO_Init'
  209 |         static void MX_GPIO_Init(void) {
      |                     ^~~~~~~~~~~~
../Core/Src/main.c:257:9: error: expected declaration or statement at end of input
  257 |         }
      |         ^
../Core/Src/main.c: At top level:
../Core/Src/main.c:51:13: warning: 'MX_GPIO_Init' used but never defined
   51 | static void MX_GPIO_Init(void);
      |             ^~~~~~~~~~~~
../Core/Src/main.c:52:13: warning: 'MX_USART2_UART_Init' used but never defined
   52 | static void MX_USART2_UART_Init(void);
      |             ^~~~~~~~~~~~~~~~~~~
../Core/Src/main.c:250:14: warning: 'Error_Handler' defined but not used [-Wunused-function]
  250 |         void Error_Handler(void) {
      |              ^~~~~~~~~~~~~
../Core/Src/main.c:209:21: warning: 'MX_GPIO_Init' defined but not used [-Wunused-function]
  209 |         static void MX_GPIO_Init(void) {
      |                     ^~~~~~~~~~~~
../Core/Src/main.c:178:21: warning: 'MX_USART2_UART_Init' defined but not used [-Wunused-function]
  178 |         static void MX_USART2_UART_Init(void) {
      |                     ^~~~~~~~~~~~~~~~~~~
../Core/Src/main.c:141:14: warning: 'SystemClock_Config' defined but not used [-Wunused-function]
  141 |         void SystemClock_Config(void) {
      |              ^~~~~~~~~~~~~~~~~~
make: *** [Core/Src/subdir.mk:34: Core/Src/main.o] Error 1
"make -j28 all" terminated with exit code 2. Build might be incomplete.
11:26:51 **** Incremental Build of configuration Debug for project 01_basic_led ****
make -j28 all 
arm-none-eabi-gcc "../Core/Src/main.c" -mcpu=cortex-m4 -std=gnu11 -g3 -DDEBUG -DUSE_HAL_DRIVER -DSTM32F410Rx -c -I../Core/Inc -I../Drivers/STM32F4xx_HAL_Driver/Inc -I../Drivers/STM32F4xx_HAL_Driver/Inc/Legacy -I../Drivers/CMSIS/Device/ST/STM32F4xx/Include -I../Drivers/CMSIS/Include -O0 -ffunction-sections -fdata-sections -Wall -fstack-usage -fcyclomatic-complexity -MMD -MP -MF"Core/Src/main.d" -MT"Core/Src/main.o" --specs=nano.specs -mfpu=fpv4-sp-d16 -mfloat-abi=hard -mthumb -o "Core/Src/main.o"
../Core/Src/main.c: In function 'main':
../Core/Src/main.c:108:9: warning: implicit declaration of function 'printf' [-Wimplicit-function-declaration]
  108 |         printf("Hola mundo! :D");
      |         ^~~~~~
../Core/Src/main.c:21:1: note: include '<stdio.h>' or provide a declaration of 'printf'
   20 | #include "main.h"
  +++ |+#include <stdio.h>
   21 | 
../Core/Src/main.c:108:9: warning: incompatible implicit declaration of built-in function 'printf' [-Wbuiltin-declaration-mismatch]
  108 |         printf("Hola mundo! :D");
      |         ^~~~~~
../Core/Src/main.c:108:9: note: include '<stdio.h>' or provide a declaration of 'printf'
../Core/Src/main.c:178:21: error: invalid storage class for function 'MX_USART2_UART_Init'
  178 |         static void MX_USART2_UART_Init(void) {
      |                     ^~~~~~~~~~~~~~~~~~~
../Core/Src/main.c:209:21: error: invalid storage class for function 'MX_GPIO_Init'
  209 |         static void MX_GPIO_Init(void) {
      |                     ^~~~~~~~~~~~
../Core/Src/main.c:257:9: error: expected declaration or statement at end of input
  257 |         }
      |         ^
../Core/Src/main.c: At top level:
../Core/Src/main.c:51:13: warning: 'MX_GPIO_Init' used but never defined
   51 | static void MX_GPIO_Init(void);
      |             ^~~~~~~~~~~~
../Core/Src/main.c:52:13: warning: 'MX_USART2_UART_Init' used but never defined
   52 | static void MX_USART2_UART_Init(void);
      |             ^~~~~~~~~~~~~~~~~~~
../Core/Src/main.c:250:14: warning: 'Error_Handler' defined but not used [-Wunused-function]
  250 |         void Error_Handler(void) {
      |              ^~~~~~~~~~~~~
../Core/Src/main.c:209:21: warning: 'MX_GPIO_Init' defined but not used [-Wunused-function]
  209 |         static void MX_GPIO_Init(void) {
      |                     ^~~~~~~~~~~~
../Core/Src/main.c:178:21: warning: 'MX_USART2_UART_Init' defined but not used [-Wunused-function]
  178 |         static void MX_USART2_UART_Init(void) {
      |                     ^~~~~~~~~~~~~~~~~~~
../Core/Src/main.c:141:14: warning: 'SystemClock_Config' defined but not used [-Wunused-function]
  141 |         void SystemClock_Config(void) {
      |              ^~~~~~~~~~~~~~~~~~
make: *** [Core/Src/subdir.mk:34: Core/Src/main.o] Error 1
"make -j28 all" terminated with exit code 2. Build might be incomplete.
11:33:01 **** Build of configuration Debug for project 02_serial_port ****
make -j28 all 
arm-none-eabi-gcc "../Drivers/STM32F4xx_HAL_Driver/Src/stm32f4xx_hal.c" -mcpu=cortex-m4 -std=gnu11 -g3 -DDEBUG -DUSE_HAL_DRIVER -DSTM32F410Rx -c -I../Core/Inc -I../Drivers/STM32F4xx_HAL_Driver/Inc -I../Drivers/STM32F4xx_HAL_Driver/Inc/Legacy -I../Drivers/CMSIS/Device/ST/STM32F4xx/Include -I../Drivers/CMSIS/Include -O0 -ffunction-sections -fdata-sections -Wall -fstack-usage -fcyclomatic-complexity -MMD -MP -MF"Drivers/STM32F4xx_HAL_Driver/Src/stm32f4xx_hal.d" -MT"Drivers/STM32F4xx_HAL_Driver/Src/stm32f4xx_hal.o" --specs=nano.specs -mfpu=fpv4-sp-d16 -mfloat-abi=hard -mthumb -o "Drivers/STM32F4xx_HAL_Driver/Src/stm32f4xx_hal.o"
arm-none-eabi-gcc "../Drivers/STM32F4xx_HAL_Driver/Src/stm32f4xx_hal_cortex.c" -mcpu=cortex-m4 -std=gnu11 -g3 -DDEBUG -DUSE_HAL_DRIVER -DSTM32F410Rx -c -I../Core/Inc -I../Drivers/STM32F4xx_HAL_Driver/Inc -I../Drivers/STM32F4xx_HAL_Driver/Inc/Legacy -I../Drivers/CMSIS/Device/ST/STM32F4xx/Include -I../Drivers/CMSIS/Include -O0 -ffunction-sections -fdata-sections -Wall -fstack-usage -fcyclomatic-complexity -MMD -MP -MF"Drivers/STM32F4xx_HAL_Driver/Src/stm32f4xx_hal_cortex.d" -MT"Drivers/STM32F4xx_HAL_Driver/Src/stm32f4xx_hal_cortex.o" --specs=nano.specs -mfpu=fpv4-sp-d16 -mfloat-abi=hard -mthumb -o "Drivers/STM32F4xx_HAL_Driver/Src/stm32f4xx_hal_cortex.o"
arm-none-eabi-gcc "../Drivers/STM32F4xx_HAL_Driver/Src/stm32f4xx_hal_dma.c" -mcpu=cortex-m4 -std=gnu11 -g3 -DDEBUG -DUSE_HAL_DRIVER -DSTM32F410Rx -c -I../Core/Inc -I../Drivers/STM32F4xx_HAL_Driver/Inc -I../Drivers/STM32F4xx_HAL_Driver/Inc/Legacy -I../Drivers/CMSIS/Device/ST/STM32F4xx/Include -I../Drivers/CMSIS/Include -O0 -ffunction-sections -fdata-sections -Wall -fstack-usage -fcyclomatic-complexity -MMD -MP -MF"Drivers/STM32F4xx_HAL_Driver/Src/stm32f4xx_hal_dma.d" -MT"Drivers/STM32F4xx_HAL_Driver/Src/stm32f4xx_hal_dma.o" --specs=nano.specs -mfpu=fpv4-sp-d16 -mfloat-abi=hard -mthumb -o "Drivers/STM32F4xx_HAL_Driver/Src/stm32f4xx_hal_dma.o"
arm-none-eabi-gcc "../Drivers/STM32F4xx_HAL_Driver/Src/stm32f4xx_hal_dma_ex.c" -mcpu=cortex-m4 -std=gnu11 -g3 -DDEBUG -DUSE_HAL_DRIVER -DSTM32F410Rx -c -I../Core/Inc -I../Drivers/STM32F4xx_HAL_Driver/Inc -I../Drivers/STM32F4xx_HAL_Driver/Inc/Legacy -I../Drivers/CMSIS/Device/ST/STM32F4xx/Include -I../Drivers/CMSIS/Include -O0 -ffunction-sections -fdata-sections -Wall -fstack-usage -fcyclomatic-complexity -MMD -MP -MF"Drivers/STM32F4xx_HAL_Driver/Src/stm32f4xx_hal_dma_ex.d" -MT"Drivers/STM32F4xx_HAL_Driver/Src/stm32f4xx_hal_dma_ex.o" --specs=nano.specs -mfpu=fpv4-sp-d16 -mfloat-abi=hard -mthumb -o "Drivers/STM32F4xx_HAL_Driver/Src/stm32f4xx_hal_dma_ex.o"
arm-none-eabi-gcc "../Drivers/STM32F4xx_HAL_Driver/Src/stm32f4xx_hal_exti.c" -mcpu=cortex-m4 -std=gnu11 -g3 -DDEBUG -DUSE_HAL_DRIVER -DSTM32F410Rx -c -I../Core/Inc -I../Drivers/STM32F4xx_HAL_Driver/Inc -I../Drivers/STM32F4xx_HAL_Driver/Inc/Legacy -I../Drivers/CMSIS/Device/ST/STM32F4xx/Include -I../Drivers/CMSIS/Include -O0 -ffunction-sections -fdata-sections -Wall -fstack-usage -fcyclomatic-complexity -MMD -MP -MF"Drivers/STM32F4xx_HAL_Driver/Src/stm32f4xx_hal_exti.d" -MT"Drivers/STM32F4xx_HAL_Driver/Src/stm32f4xx_hal_exti.o" --specs=nano.specs -mfpu=fpv4-sp-d16 -mfloat-abi=hard -mthumb -o "Drivers/STM32F4xx_HAL_Driver/Src/stm32f4xx_hal_exti.o"
arm-none-eabi-gcc "../Drivers/STM32F4xx_HAL_Driver/Src/stm32f4xx_hal_flash.c" -mcpu=cortex-m4 -std=gnu11 -g3 -DDEBUG -DUSE_HAL_DRIVER -DSTM32F410Rx -c -I../Core/Inc -I../Drivers/STM32F4xx_HAL_Driver/Inc -I../Drivers/STM32F4xx_HAL_Driver/Inc/Legacy -I../Drivers/CMSIS/Device/ST/STM32F4xx/Include -I../Drivers/CMSIS/Include -O0 -ffunction-sections -fdata-sections -Wall -fstack-usage -fcyclomatic-complexity -MMD -MP -MF"Drivers/STM32F4xx_HAL_Driver/Src/stm32f4xx_hal_flash.d" -MT"Drivers/STM32F4xx_HAL_Driver/Src/stm32f4xx_hal_flash.o" --specs=nano.specs -mfpu=fpv4-sp-d16 -mfloat-abi=hard -mthumb -o "Drivers/STM32F4xx_HAL_Driver/Src/stm32f4xx_hal_flash.o"
arm-none-eabi-gcc "../Drivers/STM32F4xx_HAL_Driver/Src/stm32f4xx_hal_flash_ex.c" -mcpu=cortex-m4 -std=gnu11 -g3 -DDEBUG -DUSE_HAL_DRIVER -DSTM32F410Rx -c -I../Core/Inc -I../Drivers/STM32F4xx_HAL_Driver/Inc -I../Drivers/STM32F4xx_HAL_Driver/Inc/Legacy -I../Drivers/CMSIS/Device/ST/STM32F4xx/Include -I../Drivers/CMSIS/Include -O0 -ffunction-sections -fdata-sections -Wall -fstack-usage -fcyclomatic-complexity -MMD -MP -MF"Drivers/STM32F4xx_HAL_Driver/Src/stm32f4xx_hal_flash_ex.d" -MT"Drivers/STM32F4xx_HAL_Driver/Src/stm32f4xx_hal_flash_ex.o" --specs=nano.specs -mfpu=fpv4-sp-d16 -mfloat-abi=hard -mthumb -o "Drivers/STM32F4xx_HAL_Driver/Src/stm32f4xx_hal_flash_ex.o"
arm-none-eabi-gcc "../Drivers/STM32F4xx_HAL_Driver/Src/stm32f4xx_hal_flash_ramfunc.c" -mcpu=cortex-m4 -std=gnu11 -g3 -DDEBUG -DUSE_HAL_DRIVER -DSTM32F410Rx -c -I../Core/Inc -I../Drivers/STM32F4xx_HAL_Driver/Inc -I../Drivers/STM32F4xx_HAL_Driver/Inc/Legacy -I../Drivers/CMSIS/Device/ST/STM32F4xx/Include -I../Drivers/CMSIS/Include -O0 -ffunction-sections -fdata-sections -Wall -fstack-usage -fcyclomatic-complexity -MMD -MP -MF"Drivers/STM32F4xx_HAL_Driver/Src/stm32f4xx_hal_flash_ramfunc.d" -MT"Drivers/STM32F4xx_HAL_Driver/Src/stm32f4xx_hal_flash_ramfunc.o" --specs=nano.specs -mfpu=fpv4-sp-d16 -mfloat-abi=hard -mthumb -o "Drivers/STM32F4xx_HAL_Driver/Src/stm32f4xx_hal_flash_ramfunc.o"
arm-none-eabi-gcc "../Drivers/STM32F4xx_HAL_Driver/Src/stm32f4xx_hal_gpio.c" -mcpu=cortex-m4 -std=gnu11 -g3 -DDEBUG -DUSE_HAL_DRIVER -DSTM32F410Rx -c -I../Core/Inc -I../Drivers/STM32F4xx_HAL_Driver/Inc -I../Drivers/STM32F4xx_HAL_Driver/Inc/Legacy -I../Drivers/CMSIS/Device/ST/STM32F4xx/Include -I../Drivers/CMSIS/Include -O0 -ffunction-sections -fdata-sections -Wall -fstack-usage -fcyclomatic-complexity -MMD -MP -MF"Drivers/STM32F4xx_HAL_Driver/Src/stm32f4xx_hal_gpio.d" -MT"Drivers/STM32F4xx_HAL_Driver/Src/stm32f4xx_hal_gpio.o" --specs=nano.specs -mfpu=fpv4-sp-d16 -mfloat-abi=hard -mthumb -o "Drivers/STM32F4xx_HAL_Driver/Src/stm32f4xx_hal_gpio.o"
arm-none-eabi-gcc "../Drivers/STM32F4xx_HAL_Driver/Src/stm32f4xx_hal_pwr.c" -mcpu=cortex-m4 -std=gnu11 -g3 -DDEBUG -DUSE_HAL_DRIVER -DSTM32F410Rx -c -I../Core/Inc -I../Drivers/STM32F4xx_HAL_Driver/Inc -I../Drivers/STM32F4xx_HAL_Driver/Inc/Legacy -I../Drivers/CMSIS/Device/ST/STM32F4xx/Include -I../Drivers/CMSIS/Include -O0 -ffunction-sections -fdata-sections -Wall -fstack-usage -fcyclomatic-complexity -MMD -MP -MF"Drivers/STM32F4xx_HAL_Driver/Src/stm32f4xx_hal_pwr.d" -MT"Drivers/STM32F4xx_HAL_Driver/Src/stm32f4xx_hal_pwr.o" --specs=nano.specs -mfpu=fpv4-sp-d16 -mfloat-abi=hard -mthumb -o "Drivers/STM32F4xx_HAL_Driver/Src/stm32f4xx_hal_pwr.o"
arm-none-eabi-gcc "../Drivers/STM32F4xx_HAL_Driver/Src/stm32f4xx_hal_pwr_ex.c" -mcpu=cortex-m4 -std=gnu11 -g3 -DDEBUG -DUSE_HAL_DRIVER -DSTM32F410Rx -c -I../Core/Inc -I../Drivers/STM32F4xx_HAL_Driver/Inc -I../Drivers/STM32F4xx_HAL_Driver/Inc/Legacy -I../Drivers/CMSIS/Device/ST/STM32F4xx/Include -I../Drivers/CMSIS/Include -O0 -ffunction-sections -fdata-sections -Wall -fstack-usage -fcyclomatic-complexity -MMD -MP -MF"Drivers/STM32F4xx_HAL_Driver/Src/stm32f4xx_hal_pwr_ex.d" -MT"Drivers/STM32F4xx_HAL_Driver/Src/stm32f4xx_hal_pwr_ex.o" --specs=nano.specs -mfpu=fpv4-sp-d16 -mfloat-abi=hard -mthumb -o "Drivers/STM32F4xx_HAL_Driver/Src/stm32f4xx_hal_pwr_ex.o"
arm-none-eabi-gcc "../Drivers/STM32F4xx_HAL_Driver/Src/stm32f4xx_hal_rcc.c" -mcpu=cortex-m4 -std=gnu11 -g3 -DDEBUG -DUSE_HAL_DRIVER -DSTM32F410Rx -c -I../Core/Inc -I../Drivers/STM32F4xx_HAL_Driver/Inc -I../Drivers/STM32F4xx_HAL_Driver/Inc/Legacy -I../Drivers/CMSIS/Device/ST/STM32F4xx/Include -I../Drivers/CMSIS/Include -O0 -ffunction-sections -fdata-sections -Wall -fstack-usage -fcyclomatic-complexity -MMD -MP -MF"Drivers/STM32F4xx_HAL_Driver/Src/stm32f4xx_hal_rcc.d" -MT"Drivers/STM32F4xx_HAL_Driver/Src/stm32f4xx_hal_rcc.o" --specs=nano.specs -mfpu=fpv4-sp-d16 -mfloat-abi=hard -mthumb -o "Drivers/STM32F4xx_HAL_Driver/Src/stm32f4xx_hal_rcc.o"
arm-none-eabi-gcc "../Drivers/STM32F4xx_HAL_Driver/Src/stm32f4xx_hal_rcc_ex.c" -mcpu=cortex-m4 -std=gnu11 -g3 -DDEBUG -DUSE_HAL_DRIVER -DSTM32F410Rx -c -I../Core/Inc -I../Drivers/STM32F4xx_HAL_Driver/Inc -I../Drivers/STM32F4xx_HAL_Driver/Inc/Legacy -I../Drivers/CMSIS/Device/ST/STM32F4xx/Include -I../Drivers/CMSIS/Include -O0 -ffunction-sections -fdata-sections -Wall -fstack-usage -fcyclomatic-complexity -MMD -MP -MF"Drivers/STM32F4xx_HAL_Driver/Src/stm32f4xx_hal_rcc_ex.d" -MT"Drivers/STM32F4xx_HAL_Driver/Src/stm32f4xx_hal_rcc_ex.o" --specs=nano.specs -mfpu=fpv4-sp-d16 -mfloat-abi=hard -mthumb -o "Drivers/STM32F4xx_HAL_Driver/Src/stm32f4xx_hal_rcc_ex.o"
arm-none-eabi-gcc "../Drivers/STM32F4xx_HAL_Driver/Src/stm32f4xx_hal_uart.c" -mcpu=cortex-m4 -std=gnu11 -g3 -DDEBUG -DUSE_HAL_DRIVER -DSTM32F410Rx -c -I../Core/Inc -I../Drivers/STM32F4xx_HAL_Driver/Inc -I../Drivers/STM32F4xx_HAL_Driver/Inc/Legacy -I../Drivers/CMSIS/Device/ST/STM32F4xx/Include -I../Drivers/CMSIS/Include -O0 -ffunction-sections -fdata-sections -Wall -fstack-usage -fcyclomatic-complexity -MMD -MP -MF"Drivers/STM32F4xx_HAL_Driver/Src/stm32f4xx_hal_uart.d" -MT"Drivers/STM32F4xx_HAL_Driver/Src/stm32f4xx_hal_uart.o" --specs=nano.specs -mfpu=fpv4-sp-d16 -mfloat-abi=hard -mthumb -o "Drivers/STM32F4xx_HAL_Driver/Src/stm32f4xx_hal_uart.o"
arm-none-eabi-gcc -mcpu=cortex-m4 -g3 -DDEBUG -c -x assembler-with-cpp -MMD -MP -MF"Core/Startup/startup_stm32f410rbtx.d" -MT"Core/Startup/startup_stm32f410rbtx.o" --specs=nano.specs -mfpu=fpv4-sp-d16 -mfloat-abi=hard -mthumb -o "Core/Startup/startup_stm32f410rbtx.o" "../Core/Startup/startup_stm32f410rbtx.s"
arm-none-eabi-gcc "../Core/Src/main.c" -mcpu=cortex-m4 -std=gnu11 -g3 -DDEBUG -DUSE_HAL_DRIVER -DSTM32F410Rx -c -I../Core/Inc -I../Drivers/STM32F4xx_HAL_Driver/Inc -I../Drivers/STM32F4xx_HAL_Driver/Inc/Legacy -I../Drivers/CMSIS/Device/ST/STM32F4xx/Include -I../Drivers/CMSIS/Include -O0 -ffunction-sections -fdata-sections -Wall -fstack-usage -fcyclomatic-complexity -MMD -MP -MF"Core/Src/main.d" -MT"Core/Src/main.o" --specs=nano.specs -mfpu=fpv4-sp-d16 -mfloat-abi=hard -mthumb -o "Core/Src/main.o"
arm-none-eabi-gcc "../Core/Src/stm32f4xx_hal_msp.c" -mcpu=cortex-m4 -std=gnu11 -g3 -DDEBUG -DUSE_HAL_DRIVER -DSTM32F410Rx -c -I../Core/Inc -I../Drivers/STM32F4xx_HAL_Driver/Inc -I../Drivers/STM32F4xx_HAL_Driver/Inc/Legacy -I../Drivers/CMSIS/Device/ST/STM32F4xx/Include -I../Drivers/CMSIS/Include -O0 -ffunction-sections -fdata-sections -Wall -fstack-usage -fcyclomatic-complexity -MMD -MP -MF"Core/Src/stm32f4xx_hal_msp.d" -MT"Core/Src/stm32f4xx_hal_msp.o" --specs=nano.specs -mfpu=fpv4-sp-d16 -mfloat-abi=hard -mthumb -o "Core/Src/stm32f4xx_hal_msp.o"
arm-none-eabi-gcc "../Core/Src/stm32f4xx_it.c" -mcpu=cortex-m4 -std=gnu11 -g3 -DDEBUG -DUSE_HAL_DRIVER -DSTM32F410Rx -c -I../Core/Inc -I../Drivers/STM32F4xx_HAL_Driver/Inc -I../Drivers/STM32F4xx_HAL_Driver/Inc/Legacy -I../Drivers/CMSIS/Device/ST/STM32F4xx/Include -I../Drivers/CMSIS/Include -O0 -ffunction-sections -fdata-sections -Wall -fstack-usage -fcyclomatic-complexity -MMD -MP -MF"Core/Src/stm32f4xx_it.d" -MT"Core/Src/stm32f4xx_it.o" --specs=nano.specs -mfpu=fpv4-sp-d16 -mfloat-abi=hard -mthumb -o "Core/Src/stm32f4xx_it.o"
arm-none-eabi-gcc "../Core/Src/syscalls.c" -mcpu=cortex-m4 -std=gnu11 -g3 -DDEBUG -DUSE_HAL_DRIVER -DSTM32F410Rx -c -I../Core/Inc -I../Drivers/STM32F4xx_HAL_Driver/Inc -I../Drivers/STM32F4xx_HAL_Driver/Inc/Legacy -I../Drivers/CMSIS/Device/ST/STM32F4xx/Include -I../Drivers/CMSIS/Include -O0 -ffunction-sections -fdata-sections -Wall -fstack-usage -fcyclomatic-complexity -MMD -MP -MF"Core/Src/syscalls.d" -MT"Core/Src/syscalls.o" --specs=nano.specs -mfpu=fpv4-sp-d16 -mfloat-abi=hard -mthumb -o "Core/Src/syscalls.o"
arm-none-eabi-gcc "../Core/Src/sysmem.c" -mcpu=cortex-m4 -std=gnu11 -g3 -DDEBUG -DUSE_HAL_DRIVER -DSTM32F410Rx -c -I../Core/Inc -I../Drivers/STM32F4xx_HAL_Driver/Inc -I../Drivers/STM32F4xx_HAL_Driver/Inc/Legacy -I../Drivers/CMSIS/Device/ST/STM32F4xx/Include -I../Drivers/CMSIS/Include -O0 -ffunction-sections -fdata-sections -Wall -fstack-usage -fcyclomatic-complexity -MMD -MP -MF"Core/Src/sysmem.d" -MT"Core/Src/sysmem.o" --specs=nano.specs -mfpu=fpv4-sp-d16 -mfloat-abi=hard -mthumb -o "Core/Src/sysmem.o"
arm-none-eabi-gcc "../Core/Src/system_stm32f4xx.c" -mcpu=cortex-m4 -std=gnu11 -g3 -DDEBUG -DUSE_HAL_DRIVER -DSTM32F410Rx -c -I../Core/Inc -I../Drivers/STM32F4xx_HAL_Driver/Inc -I../Drivers/STM32F4xx_HAL_Driver/Inc/Legacy -I../Drivers/CMSIS/Device/ST/STM32F4xx/Include -I../Drivers/CMSIS/Include -O0 -ffunction-sections -fdata-sections -Wall -fstack-usage -fcyclomatic-complexity -MMD -MP -MF"Core/Src/system_stm32f4xx.d" -MT"Core/Src/system_stm32f4xx.o" --specs=nano.specs -mfpu=fpv4-sp-d16 -mfloat-abi=hard -mthumb -o "Core/Src/system_stm32f4xx.o"
arm-none-eabi-gcc -o "02_serial_port.elf" @"objects.list"   -mcpu=cortex-m4 -T"C:\Users\Ferreyros\Desktop\NUCLEO STM32F410RB\Codigos\02_serial_port\STM32F410RBTX_FLASH.ld" --specs=nosys.specs -Wl,-Map="02_serial_port.map" -Wl,--gc-sections -static --specs=nano.specs -mfpu=fpv4-sp-d16 -mfloat-abi=hard -mthumb -Wl,--start-group -lc -lm -Wl,--end-group
Finished building target: 02_serial_port.elf
 
arm-none-eabi-size  02_serial_port.elf 
arm-none-eabi-objdump -h -S 02_serial_port.elf  > "02_serial_port.list"
   text	   data	    bss	    dec	    hex	filename
   7756	     12	   1644	   9412	   24c4	02_serial_port.elf
Finished building: default.size.stdout
 
Finished building: 02_serial_port.list
 
11:33:27 **** Incremental Build of configuration Debug for project 02_serial_port ****
make -j28 all 
arm-none-eabi-gcc "../Core/Src/main.c" -mcpu=cortex-m4 -std=gnu11 -g3 -DDEBUG -DUSE_HAL_DRIVER -DSTM32F410Rx -c -I../Core/Inc -I../Drivers/STM32F4xx_HAL_Driver/Inc -I../Drivers/STM32F4xx_HAL_Driver/Inc/Legacy -I../Drivers/CMSIS/Device/ST/STM32F4xx/Include -I../Drivers/CMSIS/Include -O0 -ffunction-sections -fdata-sections -Wall -fstack-usage -fcyclomatic-complexity -MMD -MP -MF"Core/Src/main.d" -MT"Core/Src/main.o" --specs=nano.specs -mfpu=fpv4-sp-d16 -mfloat-abi=hard -mthumb -o "Core/Src/main.o"
arm-none-eabi-gcc "../Core/Src/stm32f4xx_hal_msp.c" -mcpu=cortex-m4 -std=gnu11 -g3 -DDEBUG -DUSE_HAL_DRIVER -DSTM32F410Rx -c -I../Core/Inc -I../Drivers/STM32F4xx_HAL_Driver/Inc -I../Drivers/STM32F4xx_HAL_Driver/Inc/Legacy -I../Drivers/CMSIS/Device/ST/STM32F4xx/Include -I../Drivers/CMSIS/Include -O0 -ffunction-sections -fdata-sections -Wall -fstack-usage -fcyclomatic-complexity -MMD -MP -MF"Core/Src/stm32f4xx_hal_msp.d" -MT"Core/Src/stm32f4xx_hal_msp.o" --specs=nano.specs -mfpu=fpv4-sp-d16 -mfloat-abi=hard -mthumb -o "Core/Src/stm32f4xx_hal_msp.o"
arm-none-eabi-gcc "../Core/Src/stm32f4xx_it.c" -mcpu=cortex-m4 -std=gnu11 -g3 -DDEBUG -DUSE_HAL_DRIVER -DSTM32F410Rx -c -I../Core/Inc -I../Drivers/STM32F4xx_HAL_Driver/Inc -I../Drivers/STM32F4xx_HAL_Driver/Inc/Legacy -I../Drivers/CMSIS/Device/ST/STM32F4xx/Include -I../Drivers/CMSIS/Include -O0 -ffunction-sections -fdata-sections -Wall -fstack-usage -fcyclomatic-complexity -MMD -MP -MF"Core/Src/stm32f4xx_it.d" -MT"Core/Src/stm32f4xx_it.o" --specs=nano.specs -mfpu=fpv4-sp-d16 -mfloat-abi=hard -mthumb -o "Core/Src/stm32f4xx_it.o"
arm-none-eabi-gcc -o "02_serial_port.elf" @"objects.list"   -mcpu=cortex-m4 -T"C:\Users\Ferreyros\Desktop\NUCLEO STM32F410RB\Codigos\02_serial_port\STM32F410RBTX_FLASH.ld" --specs=nosys.specs -Wl,-Map="02_serial_port.map" -Wl,--gc-sections -static --specs=nano.specs -mfpu=fpv4-sp-d16 -mfloat-abi=hard -mthumb -Wl,--start-group -lc -lm -Wl,--end-group
Finished building target: 02_serial_port.elf
 
arm-none-eabi-size  02_serial_port.elf 
arm-none-eabi-objdump -h -S 02_serial_port.elf  > "02_serial_port.list"
   text	   data	    bss	    dec	    hex	filename
   7756	     12	   1644	   9412	   24c4	02_serial_port.elf
Finished building: default.size.stdout
 
Finished building: 02_serial_port.list
 
11:46:16 **** Incremental Build of configuration Debug for project 02_serial_port ****
make -j28 all 
arm-none-eabi-gcc "../Core/Src/main.c" -mcpu=cortex-m4 -std=gnu11 -g3 -DDEBUG -DUSE_HAL_DRIVER -DSTM32F410Rx -c -I../Core/Inc -I../Drivers/STM32F4xx_HAL_Driver/Inc -I../Drivers/STM32F4xx_HAL_Driver/Inc/Legacy -I../Drivers/CMSIS/Device/ST/STM32F4xx/Include -I../Drivers/CMSIS/Include -O0 -ffunction-sections -fdata-sections -Wall -fstack-usage -fcyclomatic-complexity -MMD -MP -MF"Core/Src/main.d" -MT"Core/Src/main.o" --specs=nano.specs -mfpu=fpv4-sp-d16 -mfloat-abi=hard -mthumb -o "Core/Src/main.o"
arm-none-eabi-gcc -o "02_serial_port.elf" @"objects.list"   -mcpu=cortex-m4 -T"C:\Users\Ferreyros\Desktop\NUCLEO STM32F410RB\Codigos\02_serial_port\STM32F410RBTX_FLASH.ld" --specs=nosys.specs -Wl,-Map="02_serial_port.map" -Wl,--gc-sections -static --specs=nano.specs -mfpu=fpv4-sp-d16 -mfloat-abi=hard -mthumb -Wl,--start-group -lc -lm -Wl,--end-group
Finished building target: 02_serial_port.elf
 
arm-none-eabi-size  02_serial_port.elf 
arm-none-eabi-objdump -h -S 02_serial_port.elf  > "02_serial_port.list"
   text	   data	    bss	    dec	    hex	filename
   7900	     12	   1644	   9556	   2554	02_serial_port.elf
Finished building: default.size.stdout
 
Finished building: 02_serial_port.list
 
11:48:18 **** Incremental Build of configuration Debug for project 02_serial_port ****
make -j28 all 
arm-none-eabi-gcc "../Core/Src/main.c" -mcpu=cortex-m4 -std=gnu11 -g3 -DDEBUG -DUSE_HAL_DRIVER -DSTM32F410Rx -c -I../Core/Inc -I../Drivers/STM32F4xx_HAL_Driver/Inc -I../Drivers/STM32F4xx_HAL_Driver/Inc/Legacy -I../Drivers/CMSIS/Device/ST/STM32F4xx/Include -I../Drivers/CMSIS/Include -O0 -ffunction-sections -fdata-sections -Wall -fstack-usage -fcyclomatic-complexity -MMD -MP -MF"Core/Src/main.d" -MT"Core/Src/main.o" --specs=nano.specs -mfpu=fpv4-sp-d16 -mfloat-abi=hard -mthumb -o "Core/Src/main.o"
arm-none-eabi-gcc -o "02_serial_port.elf" @"objects.list"   -mcpu=cortex-m4 -T"C:\Users\Ferreyros\Desktop\NUCLEO STM32F410RB\Codigos\02_serial_port\STM32F410RBTX_FLASH.ld" --specs=nosys.specs -Wl,-Map="02_serial_port.map" -Wl,--gc-sections -static --specs=nano.specs -mfpu=fpv4-sp-d16 -mfloat-abi=hard -mthumb -Wl,--start-group -lc -lm -Wl,--end-group
Finished building target: 02_serial_port.elf
 
arm-none-eabi-size  02_serial_port.elf 
arm-none-eabi-objdump -h -S 02_serial_port.elf  > "02_serial_port.list"
   text	   data	    bss	    dec	    hex	filename
   7900	     12	   1644	   9556	   2554	02_serial_port.elf
Finished building: default.size.stdout
 
Finished building: 02_serial_port.list
 
13:27:19 **** Incremental Build of configuration Debug for project 02_serial_port ****
make -j28 all 
arm-none-eabi-gcc "../Core/Src/main.c" -mcpu=cortex-m4 -std=gnu11 -g3 -DDEBUG -DUSE_HAL_DRIVER -DSTM32F410Rx -c -I../Core/Inc -I../Drivers/STM32F4xx_HAL_Driver/Inc -I../Drivers/STM32F4xx_HAL_Driver/Inc/Legacy -I../Drivers/CMSIS/Device/ST/STM32F4xx/Include -I../Drivers/CMSIS/Include -O0 -ffunction-sections -fdata-sections -Wall -fstack-usage -fcyclomatic-complexity -MMD -MP -MF"Core/Src/main.d" -MT"Core/Src/main.o" --specs=nano.specs -mfpu=fpv4-sp-d16 -mfloat-abi=hard -mthumb -o "Core/Src/main.o"
../Core/Src/main.c: In function 'main':
../Core/Src/main.c:101:17: warning: implicit declaration of function 'printf' [-Wimplicit-function-declaration]
  101 |                 printf("LED Toggle!");
      |                 ^~~~~~
../Core/Src/main.c:21:1: note: include '<stdio.h>' or provide a declaration of 'printf'
   20 | #include "main.h"
  +++ |+#include <stdio.h>
   21 | 
../Core/Src/main.c:101:17: warning: incompatible implicit declaration of built-in function 'printf' [-Wbuiltin-declaration-mismatch]
  101 |                 printf("LED Toggle!");
      |                 ^~~~~~
../Core/Src/main.c:101:17: note: include '<stdio.h>' or provide a declaration of 'printf'
arm-none-eabi-gcc -o "02_serial_port.elf" @"objects.list"   -mcpu=cortex-m4 -T"C:\Users\Ferreyros\Desktop\NUCLEO STM32F410RB\Codigos\02_serial_port\STM32F410RBTX_FLASH.ld" --specs=nosys.specs -Wl,-Map="02_serial_port.map" -Wl,--gc-sections -static --specs=nano.specs -mfpu=fpv4-sp-d16 -mfloat-abi=hard -mthumb -Wl,--start-group -lc -lm -Wl,--end-group
Finished building target: 02_serial_port.elf
 
arm-none-eabi-size  02_serial_port.elf 
arm-none-eabi-objdump -h -S 02_serial_port.elf  > "02_serial_port.list"
   text	   data	    bss	    dec	    hex	filename
  12044	    104	   1976	  14124	   372c	02_serial_port.elf
Finished building: default.size.stdout
 
Finished building: 02_serial_port.list
 
14:43:08 **** Incremental Build of configuration Debug for project 02_serial_port ****
make -j28 all 
arm-none-eabi-gcc "../Core/Src/main.c" -mcpu=cortex-m4 -std=gnu11 -g3 -DDEBUG -DUSE_HAL_DRIVER -DSTM32F410Rx -c -I../Core/Inc -I../Drivers/STM32F4xx_HAL_Driver/Inc -I../Drivers/STM32F4xx_HAL_Driver/Inc/Legacy -I../Drivers/CMSIS/Device/ST/STM32F4xx/Include -I../Drivers/CMSIS/Include -O0 -ffunction-sections -fdata-sections -Wall -fstack-usage -fcyclomatic-complexity -MMD -MP -MF"Core/Src/main.d" -MT"Core/Src/main.o" --specs=nano.specs -mfpu=fpv4-sp-d16 -mfloat-abi=hard -mthumb -o "Core/Src/main.o"
../Core/Src/main.c: In function 'main':
../Core/Src/main.c:101:17: warning: implicit declaration of function 'printf' [-Wimplicit-function-declaration]
  101 |                 printf("LED Toggle!");
      |                 ^~~~~~
../Core/Src/main.c:21:1: note: include '<stdio.h>' or provide a declaration of 'printf'
   20 | #include "main.h"
  +++ |+#include <stdio.h>
   21 | 
../Core/Src/main.c:101:17: warning: incompatible implicit declaration of built-in function 'printf' [-Wbuiltin-declaration-mismatch]
  101 |                 printf("LED Toggle!");
      |                 ^~~~~~
../Core/Src/main.c:101:17: note: include '<stdio.h>' or provide a declaration of 'printf'
arm-none-eabi-gcc -o "02_serial_port.elf" @"objects.list"   -mcpu=cortex-m4 -T"C:\Users\Ferreyros\Desktop\NUCLEO STM32F410RB\Codigos\02_serial_port\STM32F410RBTX_FLASH.ld" --specs=nosys.specs -Wl,-Map="02_serial_port.map" -Wl,--gc-sections -static --specs=nano.specs -mfpu=fpv4-sp-d16 -mfloat-abi=hard -mthumb -Wl,--start-group -lc -lm -Wl,--end-group
Finished building target: 02_serial_port.elf
 
arm-none-eabi-size  02_serial_port.elf 
arm-none-eabi-objdump -h -S 02_serial_port.elf  > "02_serial_port.list"
   text	   data	    bss	    dec	    hex	filename
  12044	    104	   1976	  14124	   372c	02_serial_port.elf
Finished building: default.size.stdout
 
Finished building: 02_serial_port.list
 
14:49:07 **** Incremental Build of configuration Debug for project 02_serial_port ****
make -j28 all 
arm-none-eabi-gcc "../Core/Src/main.c" -mcpu=cortex-m4 -std=gnu11 -g3 -DDEBUG -DUSE_HAL_DRIVER -DSTM32F410Rx -c -I../Core/Inc -I../Drivers/STM32F4xx_HAL_Driver/Inc -I../Drivers/STM32F4xx_HAL_Driver/Inc/Legacy -I../Drivers/CMSIS/Device/ST/STM32F4xx/Include -I../Drivers/CMSIS/Include -O0 -ffunction-sections -fdata-sections -Wall -fstack-usage -fcyclomatic-complexity -MMD -MP -MF"Core/Src/main.d" -MT"Core/Src/main.o" --specs=nano.specs -mfpu=fpv4-sp-d16 -mfloat-abi=hard -mthumb -o "Core/Src/main.o"
../Core/Src/main.c: In function 'main':
../Core/Src/main.c:103:17: warning: implicit declaration of function 'printf' [-Wimplicit-function-declaration]
  103 |                 printf("LED Toggle!");
      |                 ^~~~~~
../Core/Src/main.c:21:1: note: include '<stdio.h>' or provide a declaration of 'printf'
   20 | #include "main.h"
  +++ |+#include <stdio.h>
   21 | 
../Core/Src/main.c:103:17: warning: incompatible implicit declaration of built-in function 'printf' [-Wbuiltin-declaration-mismatch]
  103 |                 printf("LED Toggle!");
      |                 ^~~~~~
../Core/Src/main.c:103:17: note: include '<stdio.h>' or provide a declaration of 'printf'
arm-none-eabi-gcc -o "02_serial_port.elf" @"objects.list"   -mcpu=cortex-m4 -T"C:\Users\Ferreyros\Desktop\NUCLEO STM32F410RB\Codigos\02_serial_port\STM32F410RBTX_FLASH.ld" --specs=nosys.specs -Wl,-Map="02_serial_port.map" -Wl,--gc-sections -static --specs=nano.specs -mfpu=fpv4-sp-d16 -mfloat-abi=hard -mthumb -Wl,--start-group -lc -lm -Wl,--end-group
Finished building target: 02_serial_port.elf
 
arm-none-eabi-size  02_serial_port.elf 
arm-none-eabi-objdump -h -S 02_serial_port.elf  > "02_serial_port.list"
   text	   data	    bss	    dec	    hex	filename
  12720	    104	   1976	  14800	   39d0	02_serial_port.elf
Finished building: default.size.stdout
 
Finished building: 02_serial_port.list
 
14:50:14 **** Incremental Build of configuration Debug for project 02_serial_port ****
make -j28 all 
arm-none-eabi-gcc "../Core/Src/main.c" -mcpu=cortex-m4 -std=gnu11 -g3 -DDEBUG -DUSE_HAL_DRIVER -DSTM32F410Rx -c -I../Core/Inc -I../Drivers/STM32F4xx_HAL_Driver/Inc -I../Drivers/STM32F4xx_HAL_Driver/Inc/Legacy -I../Drivers/CMSIS/Device/ST/STM32F4xx/Include -I../Drivers/CMSIS/Include -O0 -ffunction-sections -fdata-sections -Wall -fstack-usage -fcyclomatic-complexity -MMD -MP -MF"Core/Src/main.d" -MT"Core/Src/main.o" --specs=nano.specs -mfpu=fpv4-sp-d16 -mfloat-abi=hard -mthumb -o "Core/Src/main.o"
../Core/Src/main.c: In function 'main':
../Core/Src/main.c:103:17: warning: implicit declaration of function 'printf' [-Wimplicit-function-declaration]
  103 |                 printf("LED Toggle!\r\n");
      |                 ^~~~~~
../Core/Src/main.c:21:1: note: include '<stdio.h>' or provide a declaration of 'printf'
   20 | #include "main.h"
  +++ |+#include <stdio.h>
   21 | 
../Core/Src/main.c:103:17: warning: incompatible implicit declaration of built-in function 'printf' [-Wbuiltin-declaration-mismatch]
  103 |                 printf("LED Toggle!\r\n");
      |                 ^~~~~~
../Core/Src/main.c:103:17: note: include '<stdio.h>' or provide a declaration of 'printf'
arm-none-eabi-gcc -o "02_serial_port.elf" @"objects.list"   -mcpu=cortex-m4 -T"C:\Users\Ferreyros\Desktop\NUCLEO STM32F410RB\Codigos\02_serial_port\STM32F410RBTX_FLASH.ld" --specs=nosys.specs -Wl,-Map="02_serial_port.map" -Wl,--gc-sections -static --specs=nano.specs -mfpu=fpv4-sp-d16 -mfloat-abi=hard -mthumb -Wl,--start-group -lc -lm -Wl,--end-group
Finished building target: 02_serial_port.elf
 
arm-none-eabi-size  02_serial_port.elf 
arm-none-eabi-objdump -h -S 02_serial_port.elf  > "02_serial_port.list"
   text	   data	    bss	    dec	    hex	filename
  11228	    104	   1976	  13308	   33fc	02_serial_port.elf
Finished building: default.size.stdout
 
[...]
Finished building: default.size.stdout
 
Finished building: 02_serial_port.list
 
15:55:26 **** Incremental Build of configuration Debug for project 02_serial_port ****
make -j28 all 
arm-none-eabi-gcc "../Core/Src/main.c" -mcpu=cortex-m4 -std=gnu11 -g3 -DDEBUG -DUSE_HAL_DRIVER -DSTM32F410Rx -c -I../Core/Inc -I../Drivers/STM32F4xx_HAL_Driver/Inc -I../Drivers/STM32F4xx_HAL_Driver/Inc/Legacy -I../Drivers/CMSIS/Device/ST/STM32F4xx/Include -I../Drivers/CMSIS/Include -O0 -ffunction-sections -fdata-sections -Wall -fstack-usage -fcyclomatic-complexity -MMD -MP -MF"Core/Src/main.d" -MT"Core/Src/main.o" --specs=nano.specs -mfpu=fpv4-sp-d16 -mfloat-abi=hard -mthumb -o "Core/Src/main.o"
../Core/Src/main.c: In function 'main':
../Core/Src/main.c:107:25: warning: implicit declaration of function 'printf' [-Wimplicit-function-declaration]
  107 |                         printf("Button pressed: %u times\n\r", Magnetic_Button_Counter++);
      |                         ^~~~~~
../Core/Src/main.c:21:1: note: include '<stdio.h>' or provide a declaration of 'printf'
   20 | #include "main.h"
  +++ |+#include <stdio.h>
   21 | 
../Core/Src/main.c:107:25: warning: incompatible implicit declaration of built-in function 'printf' [-Wbuiltin-declaration-mismatch]
  107 |                         printf("Button pressed: %u times\n\r", Magnetic_Button_Counter++);
      |                         ^~~~~~
../Core/Src/main.c:107:25: note: include '<stdio.h>' or provide a declaration of 'printf'
../Core/Src/main.c:107:50: warning: format '%u' expects argument of type 'unsigned int', but argument 2 has type 'uint32_t' {aka 'long unsigned int'} [-Wformat=]
  107 |                         printf("Button pressed: %u times\n\r", Magnetic_Button_Counter++);
      |                                                 ~^             ~~~~~~~~~~~~~~~~~~~~~~~~~
      |                                                  |                                    |
      |                                                  unsigned int                         uint32_t {aka long unsigned int}
      |                                                 %lu
arm-none-eabi-gcc -o "02_serial_port.elf" @"objects.list"   -mcpu=cortex-m4 -T"C:\Users\Ferreyros\Desktop\NUCLEO STM32F410RB\Codigos\02_serial_port\STM32F410RBTX_FLASH.ld" --specs=nosys.specs -Wl,-Map="02_serial_port.map" -Wl,--gc-sections -static --specs=nano.specs -mfpu=fpv4-sp-d16 -mfloat-abi=hard -mthumb -Wl,--start-group -lc -lm -Wl,--end-group
Finished building target: 02_serial_port.elf
 
arm-none-eabi-size  02_serial_port.elf 
arm-none-eabi-objdump -h -S 02_serial_port.elf  > "02_serial_port.list"
   text	   data	    bss	    dec	    hex	filename
  12104	    104	   1976	  14184	   3768	02_serial_port.elf
Finished building: default.size.stdout
 
Finished building: 02_serial_port.list
 
16:05:02 **** Incremental Build of configuration Debug for project 02_serial_port ****
make -j28 all 
arm-none-eabi-gcc "../Core/Src/main.c" -mcpu=cortex-m4 -std=gnu11 -g3 -DDEBUG -DUSE_HAL_DRIVER -DSTM32F410Rx -c -I../Core/Inc -I../Drivers/STM32F4xx_HAL_Driver/Inc -I../Drivers/STM32F4xx_HAL_Driver/Inc/Legacy -I../Drivers/CMSIS/Device/ST/STM32F4xx/Include -I../Drivers/CMSIS/Include -O0 -ffunction-sections -fdata-sections -Wall -fstack-usage -fcyclomatic-complexity -MMD -MP -MF"Core/Src/main.d" -MT"Core/Src/main.o" --specs=nano.specs -mfpu=fpv4-sp-d16 -mfloat-abi=hard -mthumb -o "Core/Src/main.o"
../Core/Src/main.c: In function 'main':
../Core/Src/main.c:94:9: warning: implicit declaration of function 'printf' [-Wimplicit-function-declaration]
   94 |         printf("Magnetic Button Test!\n\r");
      |         ^~~~~~
../Core/Src/main.c:21:1: note: include '<stdio.h>' or provide a declaration of 'printf'
   20 | #include "main.h"
  +++ |+#include <stdio.h>
   21 | 
../Core/Src/main.c:94:9: warning: incompatible implicit declaration of built-in function 'printf' [-Wbuiltin-declaration-mismatch]
   94 |         printf("Magnetic Button Test!\n\r");
      |         ^~~~~~
../Core/Src/main.c:94:9: note: include '<stdio.h>' or provide a declaration of 'printf'
../Core/Src/main.c:110:50: warning: format '%u' expects argument of type 'unsigned int', but argument 2 has type 'uint32_t' {aka 'long unsigned int'} [-Wformat=]
  110 |                         printf("Button pressed: %u times\n\r", Magnetic_Button_Counter++);
      |                                                 ~^             ~~~~~~~~~~~~~~~~~~~~~~~~~
      |                                                  |                                    |
      |                                                  unsigned int                         uint32_t {aka long unsigned int}
      |                                                 %lu
arm-none-eabi-gcc -o "02_serial_port.elf" @"objects.list"   -mcpu=cortex-m4 -T"C:\Users\Ferreyros\Desktop\NUCLEO STM32F410RB\Codigos\02_serial_port\STM32F410RBTX_FLASH.ld" --specs=nosys.specs -Wl,-Map="02_serial_port.map" -Wl,--gc-sections -static --specs=nano.specs -mfpu=fpv4-sp-d16 -mfloat-abi=hard -mthumb -Wl,--start-group -lc -lm -Wl,--end-group
Finished building target: 02_serial_port.elf
 
arm-none-eabi-size  02_serial_port.elf 
arm-none-eabi-objdump -h -S 02_serial_port.elf  > "02_serial_port.list"
   text	   data	    bss	    dec	    hex	filename
  12816	    104	   1976	  14896	   3a30	02_serial_port.elf
Finished building: default.size.stdout
 
Finished building: 02_serial_port.list
 
16:05:36 **** Incremental Build of configuration Debug for project 02_serial_port ****
make -j28 all 
arm-none-eabi-gcc "../Core/Src/main.c" -mcpu=cortex-m4 -std=gnu11 -g3 -DDEBUG -DUSE_HAL_DRIVER -DSTM32F410Rx -c -I../Core/Inc -I../Drivers/STM32F4xx_HAL_Driver/Inc -I../Drivers/STM32F4xx_HAL_Driver/Inc/Legacy -I../Drivers/CMSIS/Device/ST/STM32F4xx/Include -I../Drivers/CMSIS/Include -O0 -ffunction-sections -fdata-sections -Wall -fstack-usage -fcyclomatic-complexity -MMD -MP -MF"Core/Src/main.d" -MT"Core/Src/main.o" --specs=nano.specs -mfpu=fpv4-sp-d16 -mfloat-abi=hard -mthumb -o "Core/Src/main.o"
../Core/Src/main.c: In function 'main':
../Core/Src/main.c:94:9: warning: implicit declaration of function 'printf' [-Wimplicit-function-declaration]
   94 |         printf("Magnetic Button Test!\r\n");
      |         ^~~~~~
../Core/Src/main.c:21:1: note: include '<stdio.h>' or provide a declaration of 'printf'
   20 | #include "main.h"
  +++ |+#include <stdio.h>
   21 | 
../Core/Src/main.c:94:9: warning: incompatible implicit declaration of built-in function 'printf' [-Wbuiltin-declaration-mismatch]
   94 |         printf("Magnetic Button Test!\r\n");
      |         ^~~~~~
../Core/Src/main.c:94:9: note: include '<stdio.h>' or provide a declaration of 'printf'
../Core/Src/main.c:110:50: warning: format '%u' expects argument of type 'unsigned int', but argument 2 has type 'uint32_t' {aka 'long unsigned int'} [-Wformat=]
  110 |                         printf("Button pressed: %u times\r\n", Magnetic_Button_Counter++);
      |                                                 ~^             ~~~~~~~~~~~~~~~~~~~~~~~~~
      |                                                  |                                    |
      |                                                  unsigned int                         uint32_t {aka long unsigned int}
      |                                                 %lu
arm-none-eabi-gcc -o "02_serial_port.elf" @"objects.list"   -mcpu=cortex-m4 -T"C:\Users\Ferreyros\Desktop\NUCLEO STM32F410RB\Codigos\02_serial_port\STM32F410RBTX_FLASH.ld" --specs=nosys.specs -Wl,-Map="02_serial_port.map" -Wl,--gc-sections -static --specs=nano.specs -mfpu=fpv4-sp-d16 -mfloat-abi=hard -mthumb -Wl,--start-group -lc -lm -Wl,--end-group
Finished building target: 02_serial_port.elf
 
arm-none-eabi-size  02_serial_port.elf 
arm-none-eabi-objdump -h -S 02_serial_port.elf  > "02_serial_port.list"
   text	   data	    bss	    dec	    hex	filename
  13004	    104	   1976	  15084	   3aec	02_serial_port.elf
Finished building: default.size.stdout
 
Finished building: 02_serial_port.list
 
16:08:23 **** Incremental Build of configuration Debug for project 02_serial_port ****
make -j28 all 
arm-none-eabi-gcc "../Core/Src/main.c" -mcpu=cortex-m4 -std=gnu11 -g3 -DDEBUG -DUSE_HAL_DRIVER -DSTM32F410Rx -c -I../Core/Inc -I../Drivers/STM32F4xx_HAL_Driver/Inc -I../Drivers/STM32F4xx_HAL_Driver/Inc/Legacy -I../Drivers/CMSIS/Device/ST/STM32F4xx/Include -I../Drivers/CMSIS/Include -O0 -ffunction-sections -fdata-sections -Wall -fstack-usage -fcyclomatic-complexity -MMD -MP -MF"Core/Src/main.d" -MT"Core/Src/main.o" --specs=nano.specs -mfpu=fpv4-sp-d16 -mfloat-abi=hard -mthumb -o "Core/Src/main.o"
../Core/Src/main.c: In function 'main':
../Core/Src/main.c:110:50: warning: format '%u' expects argument of type 'unsigned int', but argument 2 has type 'uint32_t' {aka 'long unsigned int'} [-Wformat=]
  110 |                         printf("Button pressed: %u times\r\n", Magnetic_Button_Counter++);
      |                                                 ~^             ~~~~~~~~~~~~~~~~~~~~~~~~~
      |                                                  |                                    |
      |                                                  unsigned int                         uint32_t {aka long unsigned int}
      |                                                 %lu
arm-none-eabi-gcc -o "02_serial_port.elf" @"objects.list"   -mcpu=cortex-m4 -T"C:\Users\Ferreyros\Desktop\NUCLEO STM32F410RB\Codigos\02_serial_port\STM32F410RBTX_FLASH.ld" --specs=nosys.specs -Wl,-Map="02_serial_port.map" -Wl,--gc-sections -static --specs=nano.specs -mfpu=fpv4-sp-d16 -mfloat-abi=hard -mthumb -Wl,--start-group -lc -lm -Wl,--end-group
Finished building target: 02_serial_port.elf
 
arm-none-eabi-size  02_serial_port.elf 
arm-none-eabi-objdump -h -S 02_serial_port.elf  > "02_serial_port.list"
   text	   data	    bss	    dec	    hex	filename
  13004	    104	   1976	  15084	   3aec	02_serial_port.elf
Finished building: default.size.stdout
 
Finished building: 02_serial_port.list
 
16:14:09 **** Incremental Build of configuration Debug for project 02_serial_port ****
make -j28 all 
arm-none-eabi-gcc "../Core/Src/main.c" -mcpu=cortex-m4 -std=gnu11 -g3 -DDEBUG -DUSE_HAL_DRIVER -DSTM32F410Rx -c -I../Core/Inc -I../Drivers/STM32F4xx_HAL_Driver/Inc -I../Drivers/STM32F4xx_HAL_Driver/Inc/Legacy -I../Drivers/CMSIS/Device/ST/STM32F4xx/Include -I../Drivers/CMSIS/Include -O0 -ffunction-sections -fdata-sections -Wall -fstack-usage -fcyclomatic-complexity -MMD -MP -MF"Core/Src/main.d" -MT"Core/Src/main.o" --specs=nano.specs -mfpu=fpv4-sp-d16 -mfloat-abi=hard -mthumb -o "Core/Src/main.o"
../Core/Src/main.c: In function 'main':
../Core/Src/main.c:110:50: warning: format '%u' expects argument of type 'unsigned int', but argument 2 has type 'uint32_t' {aka 'long unsigned int'} [-Wformat=]
  110 |                         printf("Button pressed: %u times\r\n", Magnetic_Button_Counter++);
      |                                                 ~^             ~~~~~~~~~~~~~~~~~~~~~~~~~
      |                                                  |                                    |
      |                                                  unsigned int                         uint32_t {aka long unsigned int}
      |                                                 %lu
arm-none-eabi-gcc -o "02_serial_port.elf" @"objects.list"   -mcpu=cortex-m4 -T"C:\Users\Ferreyros\Desktop\NUCLEO STM32F410RB\Codigos\02_serial_port\STM32F410RBTX_FLASH.ld" --specs=nosys.specs -Wl,-Map="02_serial_port.map" -Wl,--gc-sections -static --specs=nano.specs -mfpu=fpv4-sp-d16 -mfloat-abi=hard -mthumb -Wl,--start-group -lc -lm -Wl,--end-group
Finished building target: 02_serial_port.elf
 
arm-none-eabi-size  02_serial_port.elf 
arm-none-eabi-objdump -h -S 02_serial_port.elf  > "02_serial_port.list"
   text	   data	    bss	    dec	    hex	filename
  13040	    104	   1976	  15120	   3b10	02_serial_port.elf
Finished building: default.size.stdout
 
Finished building: 02_serial_port.list
 
16:15:26 **** Incremental Build of configuration Debug for project 02_serial_port ****
make -j28 all 
arm-none-eabi-gcc "../Core/Src/main.c" -mcpu=cortex-m4 -std=gnu11 -g3 -DDEBUG -DUSE_HAL_DRIVER -DSTM32F410Rx -c -I../Core/Inc -I../Drivers/STM32F4xx_HAL_Driver/Inc -I../Drivers/STM32F4xx_HAL_Driver/Inc/Legacy -I../Drivers/CMSIS/Device/ST/STM32F4xx/Include -I../Drivers/CMSIS/Include -O0 -ffunction-sections -fdata-sections -Wall -fstack-usage -fcyclomatic-complexity -MMD -MP -MF"Core/Src/main.d" -MT"Core/Src/main.o" --specs=nano.specs -mfpu=fpv4-sp-d16 -mfloat-abi=hard -mthumb -o "Core/Src/main.o"
../Core/Src/main.c: In function 'main':
../Core/Src/main.c:110:50: warning: format '%u' expects argument of type 'unsigned int', but argument 2 has type 'uint32_t' {aka 'long unsigned int'} [-Wformat=]
  110 |                         printf("Button pressed: %u times\r\n", Magnetic_Button_Counter++);
      |                                                 ~^             ~~~~~~~~~~~~~~~~~~~~~~~~~
      |                                                  |                                    |
      |                                                  unsigned int                         uint32_t {aka long unsigned int}
      |                                                 %lu
arm-none-eabi-gcc -o "02_serial_port.elf" @"objects.list"   -mcpu=cortex-m4 -T"C:\Users\Ferreyros\Desktop\NUCLEO STM32F410RB\Codigos\02_serial_port\STM32F410RBTX_FLASH.ld" --specs=nosys.specs -Wl,-Map="02_serial_port.map" -Wl,--gc-sections -static --specs=nano.specs -mfpu=fpv4-sp-d16 -mfloat-abi=hard -mthumb -Wl,--start-group -lc -lm -Wl,--end-group
Finished building target: 02_serial_port.elf
 
arm-none-eabi-size  02_serial_port.elf 
arm-none-eabi-objdump -h -S 02_serial_port.elf  > "02_serial_port.list"
   text	   data	    bss	    dec	    hex	filename
  13040	    104	   1976	  15120	   3b10	02_serial_port.elf
Finished building: default.size.stdout
 
Finished building: 02_serial_port.list
 
16:18:59 **** Incremental Build of configuration Debug for project 02_serial_port ****
make -j28 all 
arm-none-eabi-gcc "../Core/Src/main.c" -mcpu=cortex-m4 -std=gnu11 -g3 -DDEBUG -DUSE_HAL_DRIVER -DSTM32F410Rx -c -I../Core/Inc -I../Drivers/STM32F4xx_HAL_Driver/Inc -I../Drivers/STM32F4xx_HAL_Driver/Inc/Legacy -I../Drivers/CMSIS/Device/ST/STM32F4xx/Include -I../Drivers/CMSIS/Include -O0 -ffunction-sections -fdata-sections -Wall -fstack-usage -fcyclomatic-complexity -MMD -MP -MF"Core/Src/main.d" -MT"Core/Src/main.o" --specs=nano.specs -mfpu=fpv4-sp-d16 -mfloat-abi=hard -mthumb -o "Core/Src/main.o"
../Core/Src/main.c: In function 'main':
../Core/Src/main.c:110:50: warning: format '%u' expects argument of type 'unsigned int', but argument 2 has type 'uint32_t' {aka 'long unsigned int'} [-Wformat=]
  110 |                         printf("Button pressed: %u times\r\n", Magnetic_Button_Counter++);
      |                                                 ~^             ~~~~~~~~~~~~~~~~~~~~~~~~~
      |                                                  |                                    |
      |                                                  unsigned int                         uint32_t {aka long unsigned int}
      |                                                 %lu
arm-none-eabi-gcc -o "02_serial_port.elf" @"objects.list"   -mcpu=cortex-m4 -T"C:\Users\Ferreyros\Desktop\NUCLEO STM32F410RB\Codigos\02_serial_port\STM32F410RBTX_FLASH.ld" --specs=nosys.specs -Wl,-Map="02_serial_port.map" -Wl,--gc-sections -static --specs=nano.specs -mfpu=fpv4-sp-d16 -mfloat-abi=hard -mthumb -Wl,--start-group -lc -lm -Wl,--end-group
Finished building target: 02_serial_port.elf
 
arm-none-eabi-size  02_serial_port.elf 
arm-none-eabi-objdump -h -S 02_serial_port.elf  > "02_serial_port.list"
   text	   data	    bss	    dec	    hex	filename
  13036	    104	   1976	  15116	   3b0c	02_serial_port.elf
Finished building: default.size.stdout
 
Finished building: 02_serial_port.list
 
16:20:27 **** Incremental Build of configuration Debug for project 02_serial_port ****
make -j28 all 
arm-none-eabi-gcc "../Core/Src/main.c" -mcpu=cortex-m4 -std=gnu11 -g3 -DDEBUG -DUSE_HAL_DRIVER -DSTM32F410Rx -c -I../Core/Inc -I../Drivers/STM32F4xx_HAL_Driver/Inc -I../Drivers/STM32F4xx_HAL_Driver/Inc/Legacy -I../Drivers/CMSIS/Device/ST/STM32F4xx/Include -I../Drivers/CMSIS/Include -O0 -ffunction-sections -fdata-sections -Wall -fstack-usage -fcyclomatic-complexity -MMD -MP -MF"Core/Src/main.d" -MT"Core/Src/main.o" --specs=nano.specs -mfpu=fpv4-sp-d16 -mfloat-abi=hard -mthumb -o "Core/Src/main.o"
../Core/Src/main.c: In function 'main':
../Core/Src/main.c:110:50: warning: format '%u' expects argument of type 'unsigned int', but argument 2 has type 'uint32_t' {aka 'long unsigned int'} [-Wformat=]
  110 |                         printf("Button pressed: %u times\r\n", Magnetic_Button_Counter++);
      |                                                 ~^             ~~~~~~~~~~~~~~~~~~~~~~~~~
      |                                                  |                                    |
      |                                                  unsigned int                         uint32_t {aka long unsigned int}
      |                                                 %lu
arm-none-eabi-gcc -o "02_serial_port.elf" @"objects.list"   -mcpu=cortex-m4 -T"C:\Users\Ferreyros\Desktop\NUCLEO STM32F410RB\Codigos\02_serial_port\STM32F410RBTX_FLASH.ld" --specs=nosys.specs -Wl,-Map="02_serial_port.map" -Wl,--gc-sections -static --specs=nano.specs -mfpu=fpv4-sp-d16 -mfloat-abi=hard -mthumb -Wl,--start-group -lc -lm -Wl,--end-group
Finished building target: 02_serial_port.elf
 
arm-none-eabi-size  02_serial_port.elf 
arm-none-eabi-objdump -h -S 02_serial_port.elf  > "02_serial_port.list"
   text	   data	    bss	    dec	    hex	filename
  13000	    104	   1976	  15080	   3ae8	02_serial_port.elf
Finished building: default.size.stdout
 
Finished building: 02_serial_port.list
 
16:21:11 **** Incremental Build of configuration Debug for project 02_serial_port ****
make -j28 all 
arm-none-eabi-gcc "../Core/Src/main.c" -mcpu=cortex-m4 -std=gnu11 -g3 -DDEBUG -DUSE_HAL_DRIVER -DSTM32F410Rx -c -I../Core/Inc -I../Drivers/STM32F4xx_HAL_Driver/Inc -I../Drivers/STM32F4xx_HAL_Driver/Inc/Legacy -I../Drivers/CMSIS/Device/ST/STM32F4xx/Include -I../Drivers/CMSIS/Include -O0 -ffunction-sections -fdata-sections -Wall -fstack-usage -fcyclomatic-complexity -MMD -MP -MF"Core/Src/main.d" -MT"Core/Src/main.o" --specs=nano.specs -mfpu=fpv4-sp-d16 -mfloat-abi=hard -mthumb -o "Core/Src/main.o"
../Core/Src/main.c: In function 'main':
../Core/Src/main.c:110:50: warning: format '%u' expects argument of type 'unsigned int', but argument 2 has type 'uint32_t' {aka 'long unsigned int'} [-Wformat=]
  110 |                         printf("Button pressed: %u times\r\n", Magnetic_Button_Counter++);
      |                                                 ~^             ~~~~~~~~~~~~~~~~~~~~~~~~~
      |                                                  |                                    |
      |                                                  unsigned int                         uint32_t {aka long unsigned int}
      |                                                 %lu
arm-none-eabi-gcc -o "02_serial_port.elf" @"objects.list"   -mcpu=cortex-m4 -T"C:\Users\Ferreyros\Desktop\NUCLEO STM32F410RB\Codigos\02_serial_port\STM32F410RBTX_FLASH.ld" --specs=nosys.specs -Wl,-Map="02_serial_port.map" -Wl,--gc-sections -static --specs=nano.specs -mfpu=fpv4-sp-d16 -mfloat-abi=hard -mthumb -Wl,--start-group -lc -lm -Wl,--end-group
Finished building target: 02_serial_port.elf
 
arm-none-eabi-size  02_serial_port.elf 
arm-none-eabi-objdump -h -S 02_serial_port.elf  > "02_serial_port.list"
   text	   data	    bss	    dec	    hex	filename
  13036	    104	   1976	  15116	   3b0c	02_serial_port.elf
Finished building: default.size.stdout
 
Finished building: 02_serial_port.list
 
